Archive member included to satisfy reference by file (symbol)

c:/ac6/systemworkbench/plugins/fr.ac6.mcu.externaltools.arm-none.win32_1.17.0.201812190825/tools/compiler/bin/../lib/gcc/arm-none-eabi/7.3.1/../../../../arm-none-eabi/lib/thumb/v7e-m/fpv4-sp/hard\libc_nano.a(lib_a-exit.o)
                              c:/ac6/systemworkbench/plugins/fr.ac6.mcu.externaltools.arm-none.win32_1.17.0.201812190825/tools/compiler/bin/../lib/gcc/arm-none-eabi/7.3.1/../../../../arm-none-eabi/lib/thumb/v7e-m/fpv4-sp/hard/crt0.o (exit)
c:/ac6/systemworkbench/plugins/fr.ac6.mcu.externaltools.arm-none.win32_1.17.0.201812190825/tools/compiler/bin/../lib/gcc/arm-none-eabi/7.3.1/../../../../arm-none-eabi/lib/thumb/v7e-m/fpv4-sp/hard\libc_nano.a(lib_a-impure.o)
                              c:/ac6/systemworkbench/plugins/fr.ac6.mcu.externaltools.arm-none.win32_1.17.0.201812190825/tools/compiler/bin/../lib/gcc/arm-none-eabi/7.3.1/../../../../arm-none-eabi/lib/thumb/v7e-m/fpv4-sp/hard\libc_nano.a(lib_a-exit.o) (_global_impure_ptr)
c:/ac6/systemworkbench/plugins/fr.ac6.mcu.externaltools.arm-none.win32_1.17.0.201812190825/tools/compiler/bin/../lib/gcc/arm-none-eabi/7.3.1/../../../../arm-none-eabi/lib/thumb/v7e-m/fpv4-sp/hard\libc_nano.a(lib_a-init.o)
                              c:/ac6/systemworkbench/plugins/fr.ac6.mcu.externaltools.arm-none.win32_1.17.0.201812190825/tools/compiler/bin/../lib/gcc/arm-none-eabi/7.3.1/../../../../arm-none-eabi/lib/thumb/v7e-m/fpv4-sp/hard/crt0.o (__libc_init_array)
c:/ac6/systemworkbench/plugins/fr.ac6.mcu.externaltools.arm-none.win32_1.17.0.201812190825/tools/compiler/bin/../lib/gcc/arm-none-eabi/7.3.1/../../../../arm-none-eabi/lib/thumb/v7e-m/fpv4-sp/hard\libc_nano.a(lib_a-memcpy-stub.o)
                              Middlewares/Third_Party/FreeRTOS/Source/queue.o (memcpy)
c:/ac6/systemworkbench/plugins/fr.ac6.mcu.externaltools.arm-none.win32_1.17.0.201812190825/tools/compiler/bin/../lib/gcc/arm-none-eabi/7.3.1/../../../../arm-none-eabi/lib/thumb/v7e-m/fpv4-sp/hard\libc_nano.a(lib_a-memset.o)
                              c:/ac6/systemworkbench/plugins/fr.ac6.mcu.externaltools.arm-none.win32_1.17.0.201812190825/tools/compiler/bin/../lib/gcc/arm-none-eabi/7.3.1/../../../../arm-none-eabi/lib/thumb/v7e-m/fpv4-sp/hard/crt0.o (memset)
c:/ac6/systemworkbench/plugins/fr.ac6.mcu.externaltools.arm-none.win32_1.17.0.201812190825/tools/compiler/bin/../lib/gcc/arm-none-eabi/7.3.1/../../../../arm-none-eabi/lib/thumb/v7e-m/fpv4-sp/hard\libnosys.a(_exit.o)
                              c:/ac6/systemworkbench/plugins/fr.ac6.mcu.externaltools.arm-none.win32_1.17.0.201812190825/tools/compiler/bin/../lib/gcc/arm-none-eabi/7.3.1/../../../../arm-none-eabi/lib/thumb/v7e-m/fpv4-sp/hard\libc_nano.a(lib_a-exit.o) (_exit)

Allocating common symbols
Common symbol       size              file

DayofTheWeekflag    0x1               Src/taskBMScommunication.o
defaultTaskHandle   0x4               Src/main.o
FSoCbat1            0x1               Src/taskBMScommunication.o
Bat2                0x1               Src/taskBMScommunication.o
Parallel            0x1               Src/taskBMScommunication.o
ISoCbat2            0x1               Src/taskBMScommunication.o
LPV                 0x1               Src/taskBMScommunication.o
NSoCbat2            0x1               Src/taskBMScommunication.o
currentState        0x1               Src/taskBMScommunication.o
Series              0x1               Src/taskBMScommunication.o
interBat2           0x1               Src/taskMainStateMachine.o
uwTick              0x4               Drivers/STM32L4xx_HAL_Driver/Src/stm32l4xx_hal.o
xQueueRegistry      0x40              Middlewares/Third_Party/FreeRTOS/Source/queue.o
pFlash              0x20              Drivers/STM32L4xx_HAL_Driver/Src/stm32l4xx_hal_flash.o
Bat1                0x1               Src/taskBMScommunication.o
ISoCbat1            0x1               Src/taskBMScommunication.o
LtoNSoCbat2         0x1               Src/taskBMScommunication.o
HPV                 0x1               Src/taskBMScommunication.o
interBat1           0x1               Src/taskMainStateMachine.o
LSoCbat1            0x1               Src/taskBMScommunication.o
LtoNSoCbat1         0x1               Src/taskBMScommunication.o
htim1               0x40              Src/stm32l4xx_hal_timebase_TIM.o
currentMode         0x1               Src/taskBMScommunication.o
modeHasChangedBattConf
                    0x1               Src/taskBMScommunication.o
LSoCbat2            0x1               Src/taskBMScommunication.o
interParallel       0x1               Src/taskMainStateMachine.o
FSoCbat2            0x1               Src/taskBMScommunication.o
XPow                0x1               Src/taskBMScommunication.o
xSleepSemaphore     0x4               Src/taskBMScommunication.o
NSoCbat1            0x1               Src/taskBMScommunication.o
interSeries         0x1               Src/taskMainStateMachine.o
xEEPROMSemaphore    0x4               Src/taskBMScommunication.o
[...]
Memory Configuration

Name             Origin             Length             Attributes
RAM              0x20000000         0x00018000         xrw
RAM2             0x10000000         0x00008000         xrw
FLASH            0x08000000         0x00100000         xr
*default*        0x00000000         0xffffffff

Linker script and memory map

LOAD c:/ac6/systemworkbench/plugins/fr.ac6.mcu.externaltools.arm-none.win32_1.17.0.201812190825/tools/compiler/bin/../lib/gcc/arm-none-eabi/7.3.1/thumb/v7e-m/fpv4-sp/hard/crti.o
LOAD c:/ac6/systemworkbench/plugins/fr.ac6.mcu.externaltools.arm-none.win32_1.17.0.201812190825/tools/compiler/bin/../lib/gcc/arm-none-eabi/7.3.1/thumb/v7e-m/fpv4-sp/hard/crtbegin.o
LOAD c:/ac6/systemworkbench/plugins/fr.ac6.mcu.externaltools.arm-none.win32_1.17.0.201812190825/tools/compiler/bin/../lib/gcc/arm-none-eabi/7.3.1/../../../../arm-none-eabi/lib/thumb/v7e-m/fpv4-sp/hard/crt0.o
LOAD Drivers/STM32L4xx_HAL_Driver/Src/stm32l4xx_hal.o
LOAD Drivers/STM32L4xx_HAL_Driver/Src/stm32l4xx_hal_cortex.o
LOAD Drivers/STM32L4xx_HAL_Driver/Src/stm32l4xx_hal_dma.o
LOAD Drivers/STM32L4xx_HAL_Driver/Src/stm32l4xx_hal_dma_ex.o
LOAD Drivers/STM32L4xx_HAL_Driver/Src/stm32l4xx_hal_flash.o
LOAD Drivers/STM32L4xx_HAL_Driver/Src/stm32l4xx_hal_flash_ex.o
LOAD Drivers/STM32L4xx_HAL_Driver/Src/stm32l4xx_hal_flash_ramfunc.o
LOAD Drivers/STM32L4xx_HAL_Driver/Src/stm32l4xx_hal_gpio.o
LOAD Drivers/STM32L4xx_HAL_Driver/Src/stm32l4xx_hal_i2c.o
LOAD Drivers/STM32L4xx_HAL_Driver/Src/stm32l4xx_hal_i2c_ex.o
LOAD Drivers/STM32L4xx_HAL_Driver/Src/stm32l4xx_hal_pwr.o
LOAD Drivers/STM32L4xx_HAL_Driver/Src/stm32l4xx_hal_pwr_ex.o
LOAD Drivers/STM32L4xx_HAL_Driver/Src/stm32l4xx_hal_rcc.o
LOAD Drivers/STM32L4xx_HAL_Driver/Src/stm32l4xx_hal_rcc_ex.o
LOAD Drivers/STM32L4xx_HAL_Driver/Src/stm32l4xx_hal_tim.o
LOAD Drivers/STM32L4xx_HAL_Driver/Src/stm32l4xx_hal_tim_ex.o
LOAD Drivers/STM32L4xx_HAL_Driver/Src/stm32l4xx_ll_adc.o
LOAD Drivers/STM32L4xx_HAL_Driver/Src/stm32l4xx_ll_dma.o
LOAD Drivers/STM32L4xx_HAL_Driver/Src/stm32l4xx_ll_exti.o
LOAD Drivers/STM32L4xx_HAL_Driver/Src/stm32l4xx_ll_gpio.o
LOAD Drivers/STM32L4xx_HAL_Driver/Src/stm32l4xx_ll_i2c.o
LOAD Drivers/STM32L4xx_HAL_Driver/Src/stm32l4xx_ll_rtc.o
LOAD Drivers/STM32L4xx_HAL_Driver/Src/stm32l4xx_ll_tim.o
LOAD Drivers/STM32L4xx_HAL_Driver/Src/stm32l4xx_ll_utils.o
LOAD Middlewares/Third_Party/FreeRTOS/Source/CMSIS_RTOS/cmsis_os.o
LOAD Middlewares/Third_Party/FreeRTOS/Source/croutine.o
LOAD Middlewares/Third_Party/FreeRTOS/Source/event_groups.o
LOAD Middlewares/Third_Party/FreeRTOS/Source/list.o
LOAD Middlewares/Third_Party/FreeRTOS/Source/queue.o
LOAD Middlewares/Third_Party/FreeRTOS/Source/tasks.o
LOAD Middlewares/Third_Party/FreeRTOS/Source/timers.o
LOAD Middlewares/Third_Party/FreeRTOS/Source/portable/GCC/ARM_CM4F/port.o
LOAD Middlewares/Third_Party/FreeRTOS/Source/portable/MemMang/heap_4.o
LOAD Src/freertos.o
LOAD Src/main.o
LOAD Src/rtc.o
LOAD Src/stm32l4xx_hal_msp.o
LOAD Src/stm32l4xx_hal_timebase_TIM.o
LOAD Src/stm32l4xx_it.o
LOAD Src/system_stm32l4xx.o
LOAD Src/taskBMScommunication.o
LOAD Src/taskBattConfig.o
LOAD Src/taskBuckControl.o
LOAD Src/taskEEPROMManage.o
LOAD Src/taskMainStateMachine.o
LOAD Src/taskSleepManage.o
LOAD startup/startup_stm32l476xx.o
LOAD c:/ac6/systemworkbench/plugins/fr.ac6.mcu.externaltools.arm-none.win32_1.17.0.201812190825/tools/compiler/bin/../lib/gcc/arm-none-eabi/7.3.1/../../../../arm-none-eabi/lib/thumb/v7e-m/fpv4-sp/hard\libm.a
START GROUP
LOAD c:/ac6/systemworkbench/plugins/fr.ac6.mcu.externaltools.arm-none.win32_1.17.0.201812190825/tools/compiler/bin/../lib/gcc/arm-none-eabi/7.3.1/thumb/v7e-m/fpv4-sp/hard\libgcc.a
LOAD c:/ac6/systemworkbench/plugins/fr.ac6.mcu.externaltools.arm-none.win32_1.17.0.201812190825/tools/compiler/bin/../lib/gcc/arm-none-eabi/7.3.1/../../../../arm-none-eabi/lib/thumb/v7e-m/fpv4-sp/hard\libc_nano.a
END GROUP
START GROUP
LOAD c:/ac6/systemworkbench/plugins/fr.ac6.mcu.externaltools.arm-none.win32_1.17.0.201812190825/tools/compiler/bin/../lib/gcc/arm-none-eabi/7.3.1/thumb/v7e-m/fpv4-sp/hard\libgcc.a
LOAD c:/ac6/systemworkbench/plugins/fr.ac6.mcu.externaltools.arm-none.win32_1.17.0.201812190825/tools/compiler/bin/../lib/gcc/arm-none-eabi/7.3.1/../../../../arm-none-eabi/lib/thumb/v7e-m/fpv4-sp/hard\libc_nano.a
LOAD c:/ac6/systemworkbench/plugins/fr.ac6.mcu.externaltools.arm-none.win32_1.17.0.201812190825/tools/compiler/bin/../lib/gcc/arm-none-eabi/7.3.1/../../../../arm-none-eabi/lib/thumb/v7e-m/fpv4-sp/hard\libnosys.a
END GROUP
START GROUP
LOAD c:/ac6/systemworkbench/plugins/fr.ac6.mcu.externaltools.arm-none.win32_1.17.0.201812190825/tools/compiler/bin/../lib/gcc/arm-none-eabi/7.3.1/thumb/v7e-m/fpv4-sp/hard\libgcc.a
LOAD c:/ac6/systemworkbench/plugins/fr.ac6.mcu.externaltools.arm-none.win32_1.17.0.201812190825/tools/compiler/bin/../lib/gcc/arm-none-eabi/7.3.1/../../../../arm-none-eabi/lib/thumb/v7e-m/fpv4-sp/hard\libc_nano.a
LOAD c:/ac6/systemworkbench/plugins/fr.ac6.mcu.externaltools.arm-none.win32_1.17.0.201812190825/tools/compiler/bin/../lib/gcc/arm-none-eabi/7.3.1/../../../../arm-none-eabi/lib/thumb/v7e-m/fpv4-sp/hard\libnosys.a
END GROUP
LOAD c:/ac6/systemworkbench/plugins/fr.ac6.mcu.externaltools.arm-none.win32_1.17.0.201812190825/tools/compiler/bin/../lib/gcc/arm-none-eabi/7.3.1/thumb/v7e-m/fpv4-sp/hard/crtend.o
LOAD c:/ac6/systemworkbench/plugins/fr.ac6.mcu.externaltools.arm-none.win32_1.17.0.201812190825/tools/compiler/bin/../lib/gcc/arm-none-eabi/7.3.1/thumb/v7e-m/fpv4-sp/hard/crtn.o
                0x20018000                _estack = 0x20018000
                0x00000200                _Min_Heap_Size = 0x200
                0x00000400                _Min_Stack_Size = 0x400

.isr_vector     0x08000000      0x188
                0x08000000                . = ALIGN (0x8)
 *(.isr_vector)
 .isr_vector    0x08000000      0x188 startup/startup_stm32l476xx.o
                0x08000000                g_pfnVectors
                0x08000188                . = ALIGN (0x8)

.text           0x08000190     0x2460
                0x08000190                . = ALIGN (0x8)
 *(.text)
 .text          0x08000190       0x40 c:/ac6/systemworkbench/plugins/fr.ac6.mcu.externaltools.arm-none.win32_1.17.0.201812190825/tools/compiler/bin/../lib/gcc/arm-none-eabi/7.3.1/thumb/v7e-m/fpv4-sp/hard/crtbegin.o
 *(.text*)
 .text.HAL_Init
                0x080001d0       0x24 Drivers/STM32L4xx_HAL_Driver/Src/stm32l4xx_hal.o
                0x080001d0                HAL_Init
 .text.HAL_IncTick
                0x080001f4       0x10 Drivers/STM32L4xx_HAL_Driver/Src/stm32l4xx_hal.o
                0x080001f4                HAL_IncTick
 .text.HAL_NVIC_SetPriorityGrouping
                0x08000204       0x24 Drivers/STM32L4xx_HAL_Driver/Src/stm32l4xx_hal_cortex.o
                0x08000204                HAL_NVIC_SetPriorityGrouping
 .text.HAL_NVIC_SetPriority
                0x08000228       0x68 Drivers/STM32L4xx_HAL_Driver/Src/stm32l4xx_hal_cortex.o
                0x08000228                HAL_NVIC_SetPriority
 .text.HAL_NVIC_EnableIRQ
                0x08000290       0x18 Drivers/STM32L4xx_HAL_Driver/Src/stm32l4xx_hal_cortex.o
                0x08000290                HAL_NVIC_EnableIRQ
 .text.HAL_RCC_GetHCLKFreq
                0x080002a8        0xc Drivers/STM32L4xx_HAL_Driver/Src/stm32l4xx_hal_rcc.o
                0x080002a8                HAL_RCC_GetHCLKFreq
 .text.HAL_RCC_GetPCLK2Freq
                0x080002b4       0x20 Drivers/STM32L4xx_HAL_Driver/Src/stm32l4xx_hal_rcc.o
                0x080002b4                HAL_RCC_GetPCLK2Freq
 .text.HAL_RCC_GetClockConfig
                0x080002d4       0x3c Drivers/STM32L4xx_HAL_Driver/Src/stm32l4xx_hal_rcc.o
                0x080002d4                HAL_RCC_GetClockConfig
 .text.HAL_TIM_Base_MspInit
                0x08000310        0x2 Drivers/STM32L4xx_HAL_Driver/Src/stm32l4xx_hal_tim.o
                0x08000310                HAL_TIM_Base_MspInit
 .text.HAL_TIM_Base_Start_IT
                0x08000312       0x18 Drivers/STM32L4xx_HAL_Driver/Src/stm32l4xx_hal_tim.o
                0x08000312                HAL_TIM_Base_Start_IT
 .text.HAL_TIM_OC_DelayElapsedCallback
                0x0800032a        0x2 Drivers/STM32L4xx_HAL_Driver/Src/stm32l4xx_hal_tim.o
                0x0800032a                HAL_TIM_OC_DelayElapsedCallback
 .text.HAL_TIM_IC_CaptureCallback
                0x0800032c        0x2 Drivers/STM32L4xx_HAL_Driver/Src/stm32l4xx_hal_tim.o
                0x0800032c                HAL_TIM_IC_CaptureCallback
 .text.HAL_TIM_PWM_PulseFinishedCallback
                0x0800032e        0x2 Drivers/STM32L4xx_HAL_Driver/Src/stm32l4xx_hal_tim.o
                0x0800032e                HAL_TIM_PWM_PulseFinishedCallback
 .text.HAL_TIM_TriggerCallback
                0x08000330        0x2 Drivers/STM32L4xx_HAL_Driver/Src/stm32l4xx_hal_tim.o
                0x08000330                HAL_TIM_TriggerCallback
 .text.HAL_TIM_IRQHandler
                0x08000332      0x17a Drivers/STM32L4xx_HAL_Driver/Src/stm32l4xx_hal_tim.o
                0x08000332                HAL_TIM_IRQHandler
 .text.TIM_Base_SetConfig
                0x080004ac       0xc8 Drivers/STM32L4xx_HAL_Driver/Src/stm32l4xx_hal_tim.o
                0x080004ac                TIM_Base_SetConfig
 .text.HAL_TIM_Base_Init
                0x08000574       0x32 Drivers/STM32L4xx_HAL_Driver/Src/stm32l4xx_hal_tim.o
                0x08000574                HAL_TIM_Base_Init
 .text.HAL_TIMEx_CommutationCallback
                0x080005a6        0x2 Drivers/STM32L4xx_HAL_Driver/Src/stm32l4xx_hal_tim_ex.o
                0x080005a6                HAL_TIMEx_CommutationCallback
 .text.HAL_TIMEx_BreakCallback
                0x080005a8        0x2 Drivers/STM32L4xx_HAL_Driver/Src/stm32l4xx_hal_tim_ex.o
                0x080005a8                HAL_TIMEx_BreakCallback
 *fill*         0x080005aa        0x2 
 .text.LL_ADC_CommonInit
                0x080005ac       0x5c Drivers/STM32L4xx_HAL_Driver/Src/stm32l4xx_ll_adc.o
                0x080005ac                LL_ADC_CommonInit
 .text.LL_ADC_Init
                0x08000608       0x2e Drivers/STM32L4xx_HAL_Driver/Src/stm32l4xx_ll_adc.o
                0x08000608                LL_ADC_Init
 *fill*         0x08000636        0x2 
 .text.LL_ADC_REG_Init
                0x08000638       0x60 Drivers/STM32L4xx_HAL_Driver/Src/stm32l4xx_ll_adc.o
                0x08000638                LL_ADC_REG_Init
 .text.LL_EXTI_Init
                0x08000698      0x190 Drivers/STM32L4xx_HAL_Driver/Src/stm32l4xx_ll_exti.o
                0x08000698                LL_EXTI_Init
 .text.LL_GPIO_Init
                0x08000828      0x132 Drivers/STM32L4xx_HAL_Driver/Src/stm32l4xx_ll_gpio.o
                0x08000828                LL_GPIO_Init
 .text.LL_I2C_Init
                0x0800095a       0x70 Drivers/STM32L4xx_HAL_Driver/Src/stm32l4xx_ll_i2c.o
                0x0800095a                LL_I2C_Init
 *fill*         0x080009ca        0x2 
 .text.LL_RTC_EnterInitMode
                0x080009cc       0x50 Drivers/STM32L4xx_HAL_Driver/Src/stm32l4xx_ll_rtc.o
                0x080009cc                LL_RTC_EnterInitMode
 .text.LL_RTC_Init
                0x08000a1c       0x50 Drivers/STM32L4xx_HAL_Driver/Src/stm32l4xx_ll_rtc.o
                0x08000a1c                LL_RTC_Init
 .text.LL_RTC_WaitForSynchro
                0x08000a6c       0x80 Drivers/STM32L4xx_HAL_Driver/Src/stm32l4xx_ll_rtc.o
                0x08000a6c                LL_RTC_WaitForSynchro
 .text.LL_RTC_TIME_Init
                0x08000aec       0xf0 Drivers/STM32L4xx_HAL_Driver/Src/stm32l4xx_ll_rtc.o
                0x08000aec                LL_RTC_TIME_Init
 .text.LL_RTC_DATE_Init
                0x08000bdc       0xe4 Drivers/STM32L4xx_HAL_Driver/Src/stm32l4xx_ll_rtc.o
                0x08000bdc                LL_RTC_DATE_Init
 .text.OC1Config
                0x08000cc0       0x8c Drivers/STM32L4xx_HAL_Driver/Src/stm32l4xx_ll_tim.o
 .text.OC2Config
                0x08000d4c       0x94 Drivers/STM32L4xx_HAL_Driver/Src/stm32l4xx_ll_tim.o
 .text.OC3Config
                0x08000de0       0x94 Drivers/STM32L4xx_HAL_Driver/Src/stm32l4xx_ll_tim.o
 .text.OC4Config
                0x08000e74       0x78 Drivers/STM32L4xx_HAL_Driver/Src/stm32l4xx_ll_tim.o
 .text.OC5Config
                0x08000eec       0x74 Drivers/STM32L4xx_HAL_Driver/Src/stm32l4xx_ll_tim.o
 .text.OC6Config
                0x08000f60       0x78 Drivers/STM32L4xx_HAL_Driver/Src/stm32l4xx_ll_tim.o
 .text.LL_TIM_Init
                0x08000fd8       0xc8 Drivers/STM32L4xx_HAL_Driver/Src/stm32l4xx_ll_tim.o
                0x08000fd8                LL_TIM_Init
 .text.LL_TIM_OC_Init
                0x080010a0       0x58 Drivers/STM32L4xx_HAL_Driver/Src/stm32l4xx_ll_tim.o
                0x080010a0                LL_TIM_OC_Init
 .text.LL_Init1msTick
                0x080010f8       0x20 Drivers/STM32L4xx_HAL_Driver/Src/stm32l4xx_ll_utils.o
                0x080010f8                LL_Init1msTick
 .text.LL_SetSystemCoreClock
                0x08001118        0xc Drivers/STM32L4xx_HAL_Driver/Src/stm32l4xx_ll_utils.o
                0x08001118                LL_SetSystemCoreClock
 .text.makeFreeRtosPriority
                0x08001124        0xc Middlewares/Third_Party/FreeRTOS/Source/CMSIS_RTOS/cmsis_os.o
 .text.osKernelStart
                0x08001130        0xa Middlewares/Third_Party/FreeRTOS/Source/CMSIS_RTOS/cmsis_os.o
                0x08001130                osKernelStart
 .text.osThreadCreate
                0x0800113a       0x34 Middlewares/Third_Party/FreeRTOS/Source/CMSIS_RTOS/cmsis_os.o
                0x0800113a                osThreadCreate
 .text.osDelay  0x0800116e       0x12 Middlewares/Third_Party/FreeRTOS/Source/CMSIS_RTOS/cmsis_os.o
                0x0800116e                osDelay
 .text.osSystickHandler
                0x08001180       0x10 Middlewares/Third_Party/FreeRTOS/Source/CMSIS_RTOS/cmsis_os.o
                0x08001180                osSystickHandler
 .text.vListInitialise
                0x08001190       0x16 Middlewares/Third_Party/FreeRTOS/Source/list.o
                0x08001190                vListInitialise
 .text.vListInitialiseItem
                0x080011a6        0x6 Middlewares/Third_Party/FreeRTOS/Source/list.o
                0x080011a6                vListInitialiseItem
 .text.vListInsertEnd
                0x080011ac       0x18 Middlewares/Third_Party/FreeRTOS/Source/list.o
                0x080011ac                vListInsertEnd
 .text.vListInsert
                0x080011c4       0x34 Middlewares/Third_Party/FreeRTOS/Source/list.o
                0x080011c4                vListInsert
 .text.uxListRemove
                0x080011f8       0x26 Middlewares/Third_Party/FreeRTOS/Source/list.o
                0x080011f8                uxListRemove
 *fill*         0x0800121e        0x2 
 .text.prvResetNextTaskUnblockTime
                0x08001220       0x24 Middlewares/Third_Party/FreeRTOS/Source/tasks.o
 .text.prvDeleteTCB
                0x08001244       0x12 Middlewares/Third_Party/FreeRTOS/Source/tasks.o
 .text.prvInitialiseNewTask
                0x08001256       0x80 Middlewares/Third_Party/FreeRTOS/Source/tasks.o
 *fill*         0x080012d6        0x2 
 .text.prvInitialiseTaskLists
                0x080012d8       0x58 Middlewares/Third_Party/FreeRTOS/Source/tasks.o
 .text.prvAddNewTaskToReadyList
                0x08001330       0xac Middlewares/Third_Party/FreeRTOS/Source/tasks.o
 .text.prvAddCurrentTaskToDelayedList
                0x080013dc       0x88 Middlewares/Third_Party/FreeRTOS/Source/tasks.o
 .text.xTaskCreate
                0x08001464       0x62 Middlewares/Third_Party/FreeRTOS/Source/tasks.o
                0x08001464                xTaskCreate
 *fill*         0x080014c6        0x2 
 .text.vTaskStartScheduler
                0x080014c8       0x74 Middlewares/Third_Party/FreeRTOS/Source/tasks.o
                0x080014c8                vTaskStartScheduler
 .text.vTaskSuspendAll
                0x0800153c       0x14 Middlewares/Third_Party/FreeRTOS/Source/tasks.o
                0x0800153c                vTaskSuspendAll
 .text.xTaskIncrementTick
                0x08001550      0x10c Middlewares/Third_Party/FreeRTOS/Source/tasks.o
                0x08001550                xTaskIncrementTick
 .text.xTaskResumeAll
                0x0800165c       0xf0 Middlewares/Third_Party/FreeRTOS/Source/tasks.o
                0x0800165c                xTaskResumeAll
 .text.vTaskDelay
                0x0800174c       0x4c Middlewares/Third_Party/FreeRTOS/Source/tasks.o
                0x0800174c                vTaskDelay
 .text.prvCheckTasksWaitingTermination
                0x08001798       0x54 Middlewares/Third_Party/FreeRTOS/Source/tasks.o
 .text.prvIdleTask
                0x080017ec       0x28 Middlewares/Third_Party/FreeRTOS/Source/tasks.o
 .text.vTaskSwitchContext
                0x08001814       0x90 Middlewares/Third_Party/FreeRTOS/Source/tasks.o
                0x08001814                vTaskSwitchContext
 .text.xTaskGetSchedulerState
                0x080018a4       0x20 Middlewares/Third_Party/FreeRTOS/Source/tasks.o
                0x080018a4                xTaskGetSchedulerState
 .text.prvTaskExitError
                0x080018c4       0x34 Middlewares/Third_Party/FreeRTOS/Source/portable/GCC/ARM_CM4F/port.o
 .text.prvPortStartFirstTask
                0x080018f8       0x20 Middlewares/Third_Party/FreeRTOS/Source/portable/GCC/ARM_CM4F/port.o
 .text.vPortEnableVFP
                0x08001918       0x14 Middlewares/Third_Party/FreeRTOS/Source/portable/GCC/ARM_CM4F/port.o
 .text.pxPortInitialiseStack
                0x0800192c       0x2c Middlewares/Third_Party/FreeRTOS/Source/portable/GCC/ARM_CM4F/port.o
                0x0800192c                pxPortInitialiseStack
 *fill*         0x08001958        0x8 
 .text.SVC_Handler
                0x08001960       0x24 Middlewares/Third_Party/FreeRTOS/Source/portable/GCC/ARM_CM4F/port.o
                0x08001960                SVC_Handler
 .text.vPortEnterCritical
                0x08001984       0x44 Middlewares/Third_Party/FreeRTOS/Source/portable/GCC/ARM_CM4F/port.o
                0x08001984                vPortEnterCritical
 .text.vPortExitCritical
                0x080019c8       0x2c Middlewares/Third_Party/FreeRTOS/Source/portable/GCC/ARM_CM4F/port.o
                0x080019c8                vPortExitCritical
 *fill*         0x080019f4        0xc 
 .text.PendSV_Handler
                0x08001a00       0x64 Middlewares/Third_Party/FreeRTOS/Source/portable/GCC/ARM_CM4F/port.o
                0x08001a00                PendSV_Handler
 .text.xPortSysTickHandler
                0x08001a64       0x2c Middlewares/Third_Party/FreeRTOS/Source/portable/GCC/ARM_CM4F/port.o
                0x08001a64                xPortSysTickHandler
 .text.vPortSetupTimerInterrupt
                0x08001a90       0x2c Middlewares/Third_Party/FreeRTOS/Source/portable/GCC/ARM_CM4F/port.o
                0x08001a90                vPortSetupTimerInterrupt
 .text.xPortStartScheduler
                0x08001abc       0xe8 Middlewares/Third_Party/FreeRTOS/Source/portable/GCC/ARM_CM4F/port.o
                0x08001abc                xPortStartScheduler
 .text.prvHeapInit
                0x08001ba4       0x58 Middlewares/Third_Party/FreeRTOS/Source/portable/MemMang/heap_4.o
 .text.prvInsertBlockIntoFreeList
                0x08001bfc       0x58 Middlewares/Third_Party/FreeRTOS/Source/portable/MemMang/heap_4.o
 .text.pvPortMalloc
                0x08001c54      0x10c Middlewares/Third_Party/FreeRTOS/Source/portable/MemMang/heap_4.o
                0x08001c54                pvPortMalloc
 .text.vPortFree
                0x08001d60       0x70 Middlewares/Third_Party/FreeRTOS/Source/portable/MemMang/heap_4.o
                0x08001d60                vPortFree
 .text.MX_GPIO_Init
                0x08001dd0      0x114 Src/main.o
 .text.MX_RTC_Init
                0x08001ee4       0x74 Src/main.o
 .text.MX_I2C1_Init
                0x08001f58       0x94 Src/main.o
 .text.MX_ADC1_Init
                0x08001fec       0xe4 Src/main.o
 .text.MX_TIM2_Init
                0x080020d0       0xb8 Src/main.o
 .text.StartDefaultTask
                0x08002188        0xa Src/main.o
                0x08002188                StartDefaultTask
 *fill*         0x08002192        0x2 
 .text.HAL_TIM_PeriodElapsedCallback
                0x08002194       0x18 Src/main.o
                0x08002194                HAL_TIM_PeriodElapsedCallback
 .text._Error_Handler
                0x080021ac        0x2 Src/main.o
                0x080021ac                _Error_Handler
 *fill*         0x080021ae        0x2 
 .text.SystemClock_Config
                0x080021b0      0x1dc Src/main.o
                0x080021b0                SystemClock_Config
 .text.main     0x0800238c       0x48 Src/main.o
                0x0800238c                main
 .text.HAL_MspInit
                0x080023d4       0x90 Src/stm32l4xx_hal_msp.o
                0x080023d4                HAL_MspInit
 .text.HAL_InitTick
                0x08002464       0x78 Src/stm32l4xx_hal_timebase_TIM.o
                0x08002464                HAL_InitTick
 .text.SysTick_Handler
                0x080024dc        0x8 Src/stm32l4xx_it.o
                0x080024dc                SysTick_Handler
 .text.TIM1_UP_TIM16_IRQHandler
                0x080024e4       0x10 Src/stm32l4xx_it.o
                0x080024e4                TIM1_UP_TIM16_IRQHandler
 .text.SystemInit
                0x080024f4       0x48 Src/system_stm32l4xx.o
                0x080024f4                SystemInit
 .text.Reset_Handler
                0x0800253c       0x50 startup/startup_stm32l476xx.o
                0x0800253c                Reset_Handler
 .text.Default_Handler
                0x0800258c        0x2 startup/startup_stm32l476xx.o
                0x0800258c                RTC_Alarm_IRQHandler
                0x0800258c                EXTI2_IRQHandler
                0x0800258c                TIM8_TRG_COM_IRQHandler
                0x0800258c                TIM8_CC_IRQHandler
                0x0800258c                DebugMon_Handler
                0x0800258c                TIM1_CC_IRQHandler
                0x0800258c                TSC_IRQHandler
                0x0800258c                HardFault_Handler
                0x0800258c                TAMP_STAMP_IRQHandler
                0x0800258c                NMI_Handler
                0x0800258c                EXTI3_IRQHandler
                0x0800258c                LPTIM2_IRQHandler
                0x0800258c                DFSDM1_FLT1_IRQHandler
                0x0800258c                I2C3_ER_IRQHandler
                0x0800258c                DFSDM1_FLT2_IRQHandler
                0x0800258c                EXTI0_IRQHandler
                0x0800258c                I2C2_EV_IRQHandler
                0x0800258c                CAN1_RX0_IRQHandler
                0x0800258c                FPU_IRQHandler
                0x0800258c                UsageFault_Handler
                0x0800258c                ADC1_2_IRQHandler
                0x0800258c                SPI1_IRQHandler
                0x0800258c                TIM6_DAC_IRQHandler
                0x0800258c                TIM8_UP_IRQHandler
                0x0800258c                DMA2_Channel2_IRQHandler
                0x0800258c                DMA1_Channel4_IRQHandler
                0x0800258c                SAI2_IRQHandler
                0x0800258c                DFSDM1_FLT3_IRQHandler
                0x0800258c                USART3_IRQHandler
                0x0800258c                DMA1_Channel7_IRQHandler
                0x0800258c                CAN1_RX1_IRQHandler
                0x0800258c                LCD_IRQHandler
                0x0800258c                UART5_IRQHandler
                0x0800258c                ADC3_IRQHandler
                0x0800258c                TIM4_IRQHandler
                0x0800258c                DMA2_Channel1_IRQHandler
                0x0800258c                QUADSPI_IRQHandler
                0x0800258c                I2C1_EV_IRQHandler
                0x0800258c                DMA1_Channel6_IRQHandler
                0x0800258c                UART4_IRQHandler
                0x0800258c                DMA2_Channel4_IRQHandler
                0x0800258c                TIM3_IRQHandler
                0x0800258c                RCC_IRQHandler
                0x0800258c                DMA1_Channel1_IRQHandler
                0x0800258c                Default_Handler
                0x0800258c                DMA2_Channel7_IRQHandler
                0x0800258c                EXTI15_10_IRQHandler
                0x0800258c                TIM7_IRQHandler
                0x0800258c                SDMMC1_IRQHandler
                0x0800258c                TIM5_IRQHandler
                0x0800258c                I2C3_EV_IRQHandler
                0x0800258c                EXTI9_5_IRQHandler
                0x0800258c                RTC_WKUP_IRQHandler
                0x0800258c                PVD_PVM_IRQHandler
                0x0800258c                SPI2_IRQHandler
                0x0800258c                MemManage_Handler
                0x0800258c                CAN1_TX_IRQHandler
                0x0800258c                DMA2_Channel5_IRQHandler
                0x0800258c                DMA1_Channel5_IRQHandler
                0x0800258c                EXTI4_IRQHandler
                0x0800258c                RNG_IRQHandler
                0x0800258c                TIM1_TRG_COM_TIM17_IRQHandler
                0x0800258c                DMA1_Channel3_IRQHandler
                0x0800258c                COMP_IRQHandler
                0x0800258c                WWDG_IRQHandler
                0x0800258c                LPUART1_IRQHandler
                0x0800258c                DMA2_Channel6_IRQHandler
                0x0800258c                TIM2_IRQHandler
                0x0800258c                EXTI1_IRQHandler
                0x0800258c                USART2_IRQHandler
                0x0800258c                DFSDM1_FLT0_IRQHandler
                0x0800258c                I2C2_ER_IRQHandler
                0x0800258c                DMA1_Channel2_IRQHandler
                0x0800258c                TIM8_BRK_IRQHandler
                0x0800258c                CAN1_SCE_IRQHandler
                0x0800258c                FLASH_IRQHandler
                0x0800258c                BusFault_Handler
                0x0800258c                USART1_IRQHandler
                0x0800258c                OTG_FS_IRQHandler
                0x0800258c                SPI3_IRQHandler
                0x0800258c                I2C1_ER_IRQHandler
                0x0800258c                FMC_IRQHandler
                0x0800258c                SWPMI1_IRQHandler
                0x0800258c                LPTIM1_IRQHandler
                0x0800258c                SAI1_IRQHandler
                0x0800258c                DMA2_Channel3_IRQHandler
                0x0800258c                TIM1_BRK_TIM15_IRQHandler
 *fill*         0x0800258e        0x2 
 .text.__libc_init_array
                0x08002590       0x48 c:/ac6/systemworkbench/plugins/fr.ac6.mcu.externaltools.arm-none.win32_1.17.0.201812190825/tools/compiler/bin/../lib/gcc/arm-none-eabi/7.3.1/../../../../arm-none-eabi/lib/thumb/v7e-m/fpv4-sp/hard\libc_nano.a(lib_a-init.o)
                0x08002590                __libc_init_array
 *(.glue_7)
 .glue_7        0x080025d8        0x0 linker stubs
 *(.glue_7t)
 .glue_7t       0x080025d8        0x0 linker stubs
 *(.eh_frame)
 .eh_frame      0x080025d8        0x0 c:/ac6/systemworkbench/plugins/fr.ac6.mcu.externaltools.arm-none.win32_1.17.0.201812190825/tools/compiler/bin/../lib/gcc/arm-none-eabi/7.3.1/thumb/v7e-m/fpv4-sp/hard/crtbegin.o
 *(.init)
 .init          0x080025d8        0x4 c:/ac6/systemworkbench/plugins/fr.ac6.mcu.externaltools.arm-none.win32_1.17.0.201812190825/tools/compiler/bin/../lib/gcc/arm-none-eabi/7.3.1/thumb/v7e-m/fpv4-sp/hard/crti.o
                0x080025d8                _init
 .init          0x080025dc        0x8 c:/ac6/systemworkbench/plugins/fr.ac6.mcu.externaltools.arm-none.win32_1.17.0.201812190825/tools/compiler/bin/../lib/gcc/arm-none-eabi/7.3.1/thumb/v7e-m/fpv4-sp/hard/crtn.o
 *(.fini)
 .fini          0x080025e4        0x4 c:/ac6/systemworkbench/plugins/fr.ac6.mcu.externaltools.arm-none.win32_1.17.0.201812190825/tools/compiler/bin/../lib/gcc/arm-none-eabi/7.3.1/thumb/v7e-m/fpv4-sp/hard/crti.o
                0x080025e4                _fini
 .fini          0x080025e8        0x8 c:/ac6/systemworkbench/plugins/fr.ac6.mcu.externaltools.arm-none.win32_1.17.0.201812190825/tools/compiler/bin/../lib/gcc/arm-none-eabi/7.3.1/thumb/v7e-m/fpv4-sp/hard/crtn.o
                0x080025f0                . = ALIGN (0x8)
                0x080025f0                _etext = .

.vfp11_veneer   0x080025f0        0x0
 .vfp11_veneer  0x080025f0        0x0 linker stubs

.v4_bx          0x080025f0        0x0
 .v4_bx         0x080025f0        0x0 linker stubs

.iplt           0x080025f0        0x0
 .iplt          0x080025f0        0x0 c:/ac6/systemworkbench/plugins/fr.ac6.mcu.externaltools.arm-none.win32_1.17.0.201812190825/tools/compiler/bin/../lib/gcc/arm-none-eabi/7.3.1/thumb/v7e-m/fpv4-sp/hard/crtbegin.o

.rodata         0x080025f0       0x80
                0x080025f0                . = ALIGN (0x8)
 *(.rodata)
 .rodata        0x080025f0       0x14 Src/main.o
 .rodata        0x08002604       0x48 Src/system_stm32l4xx.o
                0x08002604                MSIRangeTable
                0x08002634                AHBPrescTable
                0x08002644                APBPrescTable
 *(.rodata*)
 .rodata.str1.4
                0x0800264c        0x5 Middlewares/Third_Party/FreeRTOS/Source/tasks.o
 *fill*         0x08002651        0x3 
 .rodata.str1.4
                0x08002654       0x1c Src/main.o
                0x08002670                . = ALIGN (0x8)

.rel.dyn        0x08002670        0x0
 .rel.iplt      0x08002670        0x0 c:/ac6/systemworkbench/plugins/fr.ac6.mcu.externaltools.arm-none.win32_1.17.0.201812190825/tools/compiler/bin/../lib/gcc/arm-none-eabi/7.3.1/thumb/v7e-m/fpv4-sp/hard/crtbegin.o

.ARM.extab      0x08002670        0x0
                0x08002670                . = ALIGN (0x8)
 *(.ARM.extab* .gnu.linkonce.armextab.*)
                0x08002670                . = ALIGN (0x8)

.ARM            0x08002670        0x0
                0x08002670                . = ALIGN (0x8)
                0x08002670                __exidx_start = .
 *(.ARM.exidx*)
                0x08002670                __exidx_end = .
                0x08002670                . = ALIGN (0x8)

.preinit_array  0x08002670        0x0
                0x08002670                . = ALIGN (0x8)
                0x08002670                PROVIDE (__preinit_array_start = .)
 *(.preinit_array*)
                0x08002670                PROVIDE (__preinit_array_end = .)
                0x08002670                . = ALIGN (0x8)

.init_array     0x08002670        0x8
                0x08002670                . = ALIGN (0x8)
                0x08002670                PROVIDE (__init_array_start = .)
 *(SORT_BY_NAME(.init_array.*))
 *(.init_array*)
 .init_array    0x08002670        0x4 c:/ac6/systemworkbench/plugins/fr.ac6.mcu.externaltools.arm-none.win32_1.17.0.201812190825/tools/compiler/bin/../lib/gcc/arm-none-eabi/7.3.1/thumb/v7e-m/fpv4-sp/hard/crtbegin.o
                0x08002674                PROVIDE (__init_array_end = .)
                0x08002678                . = ALIGN (0x8)
 *fill*         0x08002674        0x4 

.fini_array     0x08002678        0x8
                0x08002678                . = ALIGN (0x8)
                [!provide]                PROVIDE (__fini_array_start = .)
 *(SORT_BY_NAME(.fini_array.*))
 *(.fini_array*)
 .fini_array    0x08002678        0x4 c:/ac6/systemworkbench/plugins/fr.ac6.mcu.externaltools.arm-none.win32_1.17.0.201812190825/tools/compiler/bin/../lib/gcc/arm-none-eabi/7.3.1/thumb/v7e-m/fpv4-sp/hard/crtbegin.o
                [!provide]                PROVIDE (__fini_array_end = .)
                0x08002680                . = ALIGN (0x8)
 *fill*         0x0800267c        0x4 
                0x08002680                _sidata = LOADADDR (.data)

.data           0x20000000        0x8 load address 0x08002680
                0x20000000                . = ALIGN (0x8)
                0x20000000                _sdata = .
 *(.data)
 .data          0x20000000        0x4 Middlewares/Third_Party/FreeRTOS/Source/portable/GCC/ARM_CM4F/port.o
 .data          0x20000004        0x4 Src/system_stm32l4xx.o
                0x20000004                SystemCoreClock
 *(.data*)
                0x20000008                . = ALIGN (0x8)
                0x20000008                _edata = .

.igot.plt       0x20000008        0x0 load address 0x08002688
 .igot.plt      0x20000008        0x0 c:/ac6/systemworkbench/plugins/fr.ac6.mcu.externaltools.arm-none.win32_1.17.0.201812190825/tools/compiler/bin/../lib/gcc/arm-none-eabi/7.3.1/thumb/v7e-m/fpv4-sp/hard/crtbegin.o
                0x20000008                . = ALIGN (0x4)

.bss            0x20000008      0xd68 load address 0x08002688
                0x20000008                _sbss = .
                0x20000008                __bss_start__ = _sbss
 *(.bss)
 .bss           0x20000008       0x1c c:/ac6/systemworkbench/plugins/fr.ac6.mcu.externaltools.arm-none.win32_1.17.0.201812190825/tools/compiler/bin/../lib/gcc/arm-none-eabi/7.3.1/thumb/v7e-m/fpv4-sp/hard/crtbegin.o
 .bss           0x20000024      0x12c Middlewares/Third_Party/FreeRTOS/Source/tasks.o
                0x20000124                pxCurrentTCB
 .bss           0x20000150        0x8 Middlewares/Third_Party/FreeRTOS/Source/portable/GCC/ARM_CM4F/port.o
 .bss           0x20000158      0xbd0 Middlewares/Third_Party/FreeRTOS/Source/portable/MemMang/heap_4.o
 *(.bss*)
 *(COMMON)
 COMMON         0x20000d28        0x4 Drivers/STM32L4xx_HAL_Driver/Src/stm32l4xx_hal.o
                0x20000d28                uwTick
 COMMON         0x20000d2c        0x4 Src/main.o
                0x20000d2c                defaultTaskHandle
 COMMON         0x20000d30       0x40 Src/stm32l4xx_hal_timebase_TIM.o
                0x20000d30                htim1
                0x20000d70                . = ALIGN (0x4)
                0x20000d70                _ebss = .
                0x20000d70                __bss_end__ = _ebss

._user_heap_stack
                0x20000d70      0x600 load address 0x08002688
                0x20000d70                . = ALIGN (0x8)
                [!provide]                PROVIDE (end = .)
                [!provide]                PROVIDE (_end = .)
                0x20000f70                . = (. + _Min_Heap_Size)
 *fill*         0x20000d70      0x200 
                0x20001370                . = (. + _Min_Stack_Size)
 *fill*         0x20000f70      0x400 
                0x20001370                . = ALIGN (0x8)

/DISCARD/
 libc.a(*)
 libm.a(*)
 libgcc.a(*)

.ARM.attributes
                0x00000000       0x30
 *(.ARM.attributes)
 .ARM.attributes
                0x00000000       0x22 c:/ac6/systemworkbench/plugins/fr.ac6.mcu.externaltools.arm-none.win32_1.17.0.201812190825/tools/compiler/bin/../lib/gcc/arm-none-eabi/7.3.1/thumb/v7e-m/fpv4-sp/hard/crti.o
 .ARM.attributes
                0x00000022       0x34 c:/ac6/systemworkbench/plugins/fr.ac6.mcu.externaltools.arm-none.win32_1.17.0.201812190825/tools/compiler/bin/../lib/gcc/arm-none-eabi/7.3.1/thumb/v7e-m/fpv4-sp/hard/crtbegin.o
 .ARM.attributes
                0x00000056       0x39 Drivers/STM32L4xx_HAL_Driver/Src/stm32l4xx_hal.o
 .ARM.attributes
                0x0000008f       0x39 Drivers/STM32L4xx_HAL_Driver/Src/stm32l4xx_hal_cortex.o
 .ARM.attributes
                0x000000c8       0x39 Drivers/STM32L4xx_HAL_Driver/Src/stm32l4xx_hal_rcc.o
 .ARM.attributes
                0x00000101       0x39 Drivers/STM32L4xx_HAL_Driver/Src/stm32l4xx_hal_tim.o
 .ARM.attributes
                0x0000013a       0x39 Drivers/STM32L4xx_HAL_Driver/Src/stm32l4xx_hal_tim_ex.o
 .ARM.attributes
                0x00000173       0x39 Drivers/STM32L4xx_HAL_Driver/Src/stm32l4xx_ll_adc.o
 .ARM.attributes
                0x000001ac       0x39 Drivers/STM32L4xx_HAL_Driver/Src/stm32l4xx_ll_exti.o
 .ARM.attributes
                0x000001e5       0x39 Drivers/STM32L4xx_HAL_Driver/Src/stm32l4xx_ll_gpio.o
 .ARM.attributes
                0x0000021e       0x39 Drivers/STM32L4xx_HAL_Driver/Src/stm32l4xx_ll_i2c.o
 .ARM.attributes
                0x00000257       0x39 Drivers/STM32L4xx_HAL_Driver/Src/stm32l4xx_ll_rtc.o
 .ARM.attributes
                0x00000290       0x39 Drivers/STM32L4xx_HAL_Driver/Src/stm32l4xx_ll_tim.o
 .ARM.attributes
                0x000002c9       0x39 Drivers/STM32L4xx_HAL_Driver/Src/stm32l4xx_ll_utils.o
 .ARM.attributes
                0x00000302       0x39 Middlewares/Third_Party/FreeRTOS/Source/CMSIS_RTOS/cmsis_os.o
 .ARM.attributes
                0x0000033b       0x39 Middlewares/Third_Party/FreeRTOS/Source/list.o
 .ARM.attributes
                0x00000374       0x39 Middlewares/Third_Party/FreeRTOS/Source/tasks.o
 .ARM.attributes
                0x000003ad       0x39 Middlewares/Third_Party/FreeRTOS/Source/portable/GCC/ARM_CM4F/port.o
 .ARM.attributes
                0x000003e6       0x39 Middlewares/Third_Party/FreeRTOS/Source/portable/MemMang/heap_4.o
 .ARM.attributes
                0x0000041f       0x39 Src/main.o
 .ARM.attributes
                0x00000458       0x39 Src/stm32l4xx_hal_msp.o
 .ARM.attributes
                0x00000491       0x39 Src/stm32l4xx_hal_timebase_TIM.o
 .ARM.attributes
                0x000004ca       0x39 Src/stm32l4xx_it.o
 .ARM.attributes
                0x00000503       0x39 Src/system_stm32l4xx.o
 .ARM.attributes
                0x0000053c       0x21 startup/startup_stm32l476xx.o
 .ARM.attributes
                0x0000055d       0x34 c:/ac6/systemworkbench/plugins/fr.ac6.mcu.externaltools.arm-none.win32_1.17.0.201812190825/tools/compiler/bin/../lib/gcc/arm-none-eabi/7.3.1/../../../../arm-none-eabi/lib/thumb/v7e-m/fpv4-sp/hard\libc_nano.a(lib_a-init.o)
 .ARM.attributes
                0x00000591       0x22 c:/ac6/systemworkbench/plugins/fr.ac6.mcu.externaltools.arm-none.win32_1.17.0.201812190825/tools/compiler/bin/../lib/gcc/arm-none-eabi/7.3.1/thumb/v7e-m/fpv4-sp/hard/crtn.o
OUTPUT(L4FreeRTOS.elf elf32-littlearm)

.debug_info     0x00000000    0x22f95
 .debug_info    0x00000000     0x14ca Drivers/STM32L4xx_HAL_Driver/Src/stm32l4xx_hal.o
 .debug_info    0x000014ca     0x17aa Drivers/STM32L4xx_HAL_Driver/Src/stm32l4xx_hal_cortex.o
 .debug_info    0x00002c74     0x1648 Drivers/STM32L4xx_HAL_Driver/Src/stm32l4xx_hal_rcc.o
 .debug_info    0x000042bc     0x387d Drivers/STM32L4xx_HAL_Driver/Src/stm32l4xx_hal_tim.o
 .debug_info    0x00007b39     0x1dd5 Drivers/STM32L4xx_HAL_Driver/Src/stm32l4xx_hal_tim_ex.o
 .debug_info    0x0000990e     0x166a Drivers/STM32L4xx_HAL_Driver/Src/stm32l4xx_ll_adc.o
 .debug_info    0x0000af78     0x10b0 Drivers/STM32L4xx_HAL_Driver/Src/stm32l4xx_ll_exti.o
 .debug_info    0x0000c028     0x1471 Drivers/STM32L4xx_HAL_Driver/Src/stm32l4xx_ll_gpio.o
 .debug_info    0x0000d499     0x1136 Drivers/STM32L4xx_HAL_Driver/Src/stm32l4xx_ll_i2c.o
 .debug_info    0x0000e5cf     0x1f07 Drivers/STM32L4xx_HAL_Driver/Src/stm32l4xx_ll_rtc.o
 .debug_info    0x000104d6     0x1ddc Drivers/STM32L4xx_HAL_Driver/Src/stm32l4xx_ll_tim.o
 .debug_info    0x000122b2     0x17a5 Drivers/STM32L4xx_HAL_Driver/Src/stm32l4xx_ll_utils.o
 .debug_info    0x00013a57     0x243f Middlewares/Third_Party/FreeRTOS/Source/CMSIS_RTOS/cmsis_os.o
 .debug_info    0x00015e96      0xc1a Middlewares/Third_Party/FreeRTOS/Source/list.o
 .debug_info    0x00016ab0     0x2a47 Middlewares/Third_Party/FreeRTOS/Source/tasks.o
 .debug_info    0x000194f7      0xe7d Middlewares/Third_Party/FreeRTOS/Source/portable/GCC/ARM_CM4F/port.o
 .debug_info    0x0001a374      0xda8 Middlewares/Third_Party/FreeRTOS/Source/portable/MemMang/heap_4.o
 .debug_info    0x0001b11c     0x3be9 Src/main.o
 .debug_info    0x0001ed05      0xf80 Src/stm32l4xx_hal_msp.o
 .debug_info    0x0001fc85     0x151e Src/stm32l4xx_hal_timebase_TIM.o
 .debug_info    0x000211a3      0xf47 Src/stm32l4xx_it.o
 .debug_info    0x000220ea      0xe89 Src/system_stm32l4xx.o
 .debug_info    0x00022f73       0x22 startup/startup_stm32l476xx.o

.debug_abbrev   0x00000000     0x4236
 .debug_abbrev  0x00000000      0x2fd Drivers/STM32L4xx_HAL_Driver/Src/stm32l4xx_hal.o
 .debug_abbrev  0x000002fd      0x3c9 Drivers/STM32L4xx_HAL_Driver/Src/stm32l4xx_hal_cortex.o
 .debug_abbrev  0x000006c6      0x319 Drivers/STM32L4xx_HAL_Driver/Src/stm32l4xx_hal_rcc.o
 .debug_abbrev  0x000009df      0x2ef Drivers/STM32L4xx_HAL_Driver/Src/stm32l4xx_hal_tim.o
 .debug_abbrev  0x00000cce      0x2ef Drivers/STM32L4xx_HAL_Driver/Src/stm32l4xx_hal_tim_ex.o
 .debug_abbrev  0x00000fbd      0x2ac Drivers/STM32L4xx_HAL_Driver/Src/stm32l4xx_ll_adc.o
 .debug_abbrev  0x00001269      0x2be Drivers/STM32L4xx_HAL_Driver/Src/stm32l4xx_ll_exti.o
 .debug_abbrev  0x00001527      0x2e8 Drivers/STM32L4xx_HAL_Driver/Src/stm32l4xx_ll_gpio.o
 .debug_abbrev  0x0000180f      0x293 Drivers/STM32L4xx_HAL_Driver/Src/stm32l4xx_ll_i2c.o
 .debug_abbrev  0x00001aa2      0x370 Drivers/STM32L4xx_HAL_Driver/Src/stm32l4xx_ll_rtc.o
 .debug_abbrev  0x00001e12      0x31c Drivers/STM32L4xx_HAL_Driver/Src/stm32l4xx_ll_tim.o
 .debug_abbrev  0x0000212e      0x32b Drivers/STM32L4xx_HAL_Driver/Src/stm32l4xx_ll_utils.o
 .debug_abbrev  0x00002459      0x3ea Middlewares/Third_Party/FreeRTOS/Source/CMSIS_RTOS/cmsis_os.o
 .debug_abbrev  0x00002843      0x232 Middlewares/Third_Party/FreeRTOS/Source/list.o
 .debug_abbrev  0x00002a75      0x3de Middlewares/Third_Party/FreeRTOS/Source/tasks.o
 .debug_abbrev  0x00002e53      0x345 Middlewares/Third_Party/FreeRTOS/Source/portable/GCC/ARM_CM4F/port.o
 .debug_abbrev  0x00003198      0x32e Middlewares/Third_Party/FreeRTOS/Source/portable/MemMang/heap_4.o
 .debug_abbrev  0x000034c6      0x424 Src/main.o
 .debug_abbrev  0x000038ea      0x243 Src/stm32l4xx_hal_msp.o
 .debug_abbrev  0x00003b2d      0x2a8 Src/stm32l4xx_hal_timebase_TIM.o
 .debug_abbrev  0x00003dd5      0x218 Src/stm32l4xx_it.o
 .debug_abbrev  0x00003fed      0x237 Src/system_stm32l4xx.o
 .debug_abbrev  0x00004224       0x12 startup/startup_stm32l476xx.o

.debug_loc      0x00000000     0xc941
 .debug_loc     0x00000000       0xf8 Drivers/STM32L4xx_HAL_Driver/Src/stm32l4xx_hal.o
 .debug_loc     0x000000f8      0x5ad Drivers/STM32L4xx_HAL_Driver/Src/stm32l4xx_hal_cortex.o
 .debug_loc     0x000006a5      0x5ca Drivers/STM32L4xx_HAL_Driver/Src/stm32l4xx_hal_rcc.o
 .debug_loc     0x00000c6f     0x381c Drivers/STM32L4xx_HAL_Driver/Src/stm32l4xx_hal_tim.o
 .debug_loc     0x0000448b     0x16ba Drivers/STM32L4xx_HAL_Driver/Src/stm32l4xx_hal_tim_ex.o
 .debug_loc     0x00005b45      0x51f Drivers/STM32L4xx_HAL_Driver/Src/stm32l4xx_ll_adc.o
 .debug_loc     0x00006064      0x45c Drivers/STM32L4xx_HAL_Driver/Src/stm32l4xx_ll_exti.o
 .debug_loc     0x000064c0      0x530 Drivers/STM32L4xx_HAL_Driver/Src/stm32l4xx_ll_gpio.o
 .debug_loc     0x000069f0      0x286 Drivers/STM32L4xx_HAL_Driver/Src/stm32l4xx_ll_i2c.o
 .debug_loc     0x00006c76     0x125a Drivers/STM32L4xx_HAL_Driver/Src/stm32l4xx_ll_rtc.o
 .debug_loc     0x00007ed0     0x1319 Drivers/STM32L4xx_HAL_Driver/Src/stm32l4xx_ll_tim.o
 .debug_loc     0x000091e9      0x77f Drivers/STM32L4xx_HAL_Driver/Src/stm32l4xx_ll_utils.o
 .debug_loc     0x00009968      0xee1 Middlewares/Third_Party/FreeRTOS/Source/CMSIS_RTOS/cmsis_os.o
 .debug_loc     0x0000a849       0x70 Middlewares/Third_Party/FreeRTOS/Source/list.o
 .debug_loc     0x0000a8b9     0x11ef Middlewares/Third_Party/FreeRTOS/Source/tasks.o
 .debug_loc     0x0000baa8       0xdc Middlewares/Third_Party/FreeRTOS/Source/portable/GCC/ARM_CM4F/port.o
 .debug_loc     0x0000bb84      0x291 Middlewares/Third_Party/FreeRTOS/Source/portable/MemMang/heap_4.o
 .debug_loc     0x0000be15      0x8fb Src/main.o
 .debug_loc     0x0000c710       0x79 Src/stm32l4xx_hal_timebase_TIM.o
 .debug_loc     0x0000c789      0x1b8 Src/system_stm32l4xx.o

.debug_aranges  0x00000000      0xf60
 .debug_aranges
                0x00000000      0x118 Drivers/STM32L4xx_HAL_Driver/Src/stm32l4xx_hal.o
 .debug_aranges
                0x00000118       0x98 Drivers/STM32L4xx_HAL_Driver/Src/stm32l4xx_hal_cortex.o
 .debug_aranges
                0x000001b0       0x88 Drivers/STM32L4xx_HAL_Driver/Src/stm32l4xx_hal_rcc.o
 .debug_aranges
                0x00000238      0x378 Drivers/STM32L4xx_HAL_Driver/Src/stm32l4xx_hal_tim.o
 .debug_aranges
                0x000005b0      0x150 Drivers/STM32L4xx_HAL_Driver/Src/stm32l4xx_hal_tim_ex.o
 .debug_aranges
                0x00000700       0x68 Drivers/STM32L4xx_HAL_Driver/Src/stm32l4xx_ll_adc.o
 .debug_aranges
                0x00000768       0x30 Drivers/STM32L4xx_HAL_Driver/Src/stm32l4xx_ll_exti.o
 .debug_aranges
                0x00000798       0x30 Drivers/STM32L4xx_HAL_Driver/Src/stm32l4xx_ll_gpio.o
 .debug_aranges
                0x000007c8       0x30 Drivers/STM32L4xx_HAL_Driver/Src/stm32l4xx_ll_i2c.o
 .debug_aranges
                0x000007f8       0x88 Drivers/STM32L4xx_HAL_Driver/Src/stm32l4xx_ll_rtc.o
 .debug_aranges
                0x00000880       0xd0 Drivers/STM32L4xx_HAL_Driver/Src/stm32l4xx_ll_tim.o
 .debug_aranges
                0x00000950       0x68 Drivers/STM32L4xx_HAL_Driver/Src/stm32l4xx_ll_utils.o
 .debug_aranges
                0x000009b8      0x1d8 Middlewares/Third_Party/FreeRTOS/Source/CMSIS_RTOS/cmsis_os.o
 .debug_aranges
                0x00000b90       0x40 Middlewares/Third_Party/FreeRTOS/Source/list.o
 .debug_aranges
                0x00000bd0      0x190 Middlewares/Third_Party/FreeRTOS/Source/tasks.o
 .debug_aranges
                0x00000d60       0x80 Middlewares/Third_Party/FreeRTOS/Source/portable/GCC/ARM_CM4F/port.o
 .debug_aranges
                0x00000de0       0x50 Middlewares/Third_Party/FreeRTOS/Source/portable/MemMang/heap_4.o
 .debug_aranges
                0x00000e30       0x68 Src/main.o
 .debug_aranges
                0x00000e98       0x20 Src/stm32l4xx_hal_msp.o
 .debug_aranges
                0x00000eb8       0x30 Src/stm32l4xx_hal_timebase_TIM.o
 .debug_aranges
                0x00000ee8       0x28 Src/stm32l4xx_it.o
 .debug_aranges
                0x00000f10       0x28 Src/system_stm32l4xx.o
 .debug_aranges
                0x00000f38       0x28 startup/startup_stm32l476xx.o

.debug_ranges   0x00000000      0xef8
 .debug_ranges  0x00000000      0x108 Drivers/STM32L4xx_HAL_Driver/Src/stm32l4xx_hal.o
 .debug_ranges  0x00000108       0xe8 Drivers/STM32L4xx_HAL_Driver/Src/stm32l4xx_hal_cortex.o
 .debug_ranges  0x000001f0       0x90 Drivers/STM32L4xx_HAL_Driver/Src/stm32l4xx_hal_rcc.o
 .debug_ranges  0x00000280      0x368 Drivers/STM32L4xx_HAL_Driver/Src/stm32l4xx_hal_tim.o
 .debug_ranges  0x000005e8      0x140 Drivers/STM32L4xx_HAL_Driver/Src/stm32l4xx_hal_tim_ex.o
 .debug_ranges  0x00000728       0x58 Drivers/STM32L4xx_HAL_Driver/Src/stm32l4xx_ll_adc.o
 .debug_ranges  0x00000780       0x20 Drivers/STM32L4xx_HAL_Driver/Src/stm32l4xx_ll_exti.o
 .debug_ranges  0x000007a0       0x20 Drivers/STM32L4xx_HAL_Driver/Src/stm32l4xx_ll_gpio.o
 .debug_ranges  0x000007c0       0x20 Drivers/STM32L4xx_HAL_Driver/Src/stm32l4xx_ll_i2c.o
 .debug_ranges  0x000007e0       0x78 Drivers/STM32L4xx_HAL_Driver/Src/stm32l4xx_ll_rtc.o
 .debug_ranges  0x00000858       0xc0 Drivers/STM32L4xx_HAL_Driver/Src/stm32l4xx_ll_tim.o
 .debug_ranges  0x00000918       0x58 Drivers/STM32L4xx_HAL_Driver/Src/stm32l4xx_ll_utils.o
 .debug_ranges  0x00000970      0x1c8 Middlewares/Third_Party/FreeRTOS/Source/CMSIS_RTOS/cmsis_os.o
 .debug_ranges  0x00000b38       0x30 Middlewares/Third_Party/FreeRTOS/Source/list.o
 .debug_ranges  0x00000b68      0x1f0 Middlewares/Third_Party/FreeRTOS/Source/tasks.o
 .debug_ranges  0x00000d58       0x70 Middlewares/Third_Party/FreeRTOS/Source/portable/GCC/ARM_CM4F/port.o
 .debug_ranges  0x00000dc8       0x40 Middlewares/Third_Party/FreeRTOS/Source/portable/MemMang/heap_4.o
 .debug_ranges  0x00000e08       0x70 Src/main.o
 .debug_ranges  0x00000e78       0x10 Src/stm32l4xx_hal_msp.o
 .debug_ranges  0x00000e88       0x20 Src/stm32l4xx_hal_timebase_TIM.o
 .debug_ranges  0x00000ea8       0x18 Src/stm32l4xx_it.o
 .debug_ranges  0x00000ec0       0x18 Src/system_stm32l4xx.o
 .debug_ranges  0x00000ed8       0x20 startup/startup_stm32l476xx.o

.debug_macro    0x00000000    0x2fec5
 .debug_macro   0x00000000      0x400 Drivers/STM32L4xx_HAL_Driver/Src/stm32l4xx_hal.o
 .debug_macro   0x00000400      0xa66 Drivers/STM32L4xx_HAL_Driver/Src/stm32l4xx_hal.o
 .debug_macro   0x00000e66       0x2e Drivers/STM32L4xx_HAL_Driver/Src/stm32l4xx_hal.o
 .debug_macro   0x00000e94       0x28 Drivers/STM32L4xx_HAL_Driver/Src/stm32l4xx_hal.o
 .debug_macro   0x00000ebc       0x22 Drivers/STM32L4xx_HAL_Driver/Src/stm32l4xx_hal.o
 .debug_macro   0x00000ede       0x8e Drivers/STM32L4xx_HAL_Driver/Src/stm32l4xx_hal.o
 .debug_macro   0x00000f6c       0x51 Drivers/STM32L4xx_HAL_Driver/Src/stm32l4xx_hal.o
 .debug_macro   0x00000fbd       0xef Drivers/STM32L4xx_HAL_Driver/Src/stm32l4xx_hal.o
 .debug_macro   0x000010ac       0x6a Drivers/STM32L4xx_HAL_Driver/Src/stm32l4xx_hal.o
 .debug_macro   0x00001116      0x1df Drivers/STM32L4xx_HAL_Driver/Src/stm32l4xx_hal.o
 .debug_macro   0x000012f5       0x35 Drivers/STM32L4xx_HAL_Driver/Src/stm32l4xx_hal.o
 .debug_macro   0x0000132a       0x50 Drivers/STM32L4xx_HAL_Driver/Src/stm32l4xx_hal.o
 .debug_macro   0x0000137a      0xe66 Drivers/STM32L4xx_HAL_Driver/Src/stm32l4xx_hal.o
 .debug_macro   0x000021e0    0x1a1c4 Drivers/STM32L4xx_HAL_Driver/Src/stm32l4xx_hal.o
 .debug_macro   0x0001c3a4       0x43 Drivers/STM32L4xx_HAL_Driver/Src/stm32l4xx_hal.o
 .debug_macro   0x0001c3e7      0xf3b Drivers/STM32L4xx_HAL_Driver/Src/stm32l4xx_hal.o
 .debug_macro   0x0001d322      0x24f Drivers/STM32L4xx_HAL_Driver/Src/stm32l4xx_hal.o
 .debug_macro   0x0001d571      0x724 Drivers/STM32L4xx_HAL_Driver/Src/stm32l4xx_hal.o
 .debug_macro   0x0001dc95      0x1c2 Drivers/STM32L4xx_HAL_Driver/Src/stm32l4xx_hal.o
 .debug_macro   0x0001de57      0x2fb Drivers/STM32L4xx_HAL_Driver/Src/stm32l4xx_hal.o
 .debug_macro   0x0001e152      0x16a Drivers/STM32L4xx_HAL_Driver/Src/stm32l4xx_hal.o
 .debug_macro   0x0001e2bc      0x1b2 Drivers/STM32L4xx_HAL_Driver/Src/stm32l4xx_hal.o
 .debug_macro   0x0001e46e       0xa7 Drivers/STM32L4xx_HAL_Driver/Src/stm32l4xx_hal.o
 .debug_macro   0x0001e515      0x1ff Drivers/STM32L4xx_HAL_Driver/Src/stm32l4xx_hal.o
 .debug_macro   0x0001e714      0x2cb Drivers/STM32L4xx_HAL_Driver/Src/stm32l4xx_hal.o
 .debug_macro   0x0001e9df      0x4e5 Drivers/STM32L4xx_HAL_Driver/Src/stm32l4xx_hal.o
 .debug_macro   0x0001eec4      0x9fe Drivers/STM32L4xx_HAL_Driver/Src/stm32l4xx_hal.o
 .debug_macro   0x0001f8c2      0x172 Drivers/STM32L4xx_HAL_Driver/Src/stm32l4xx_hal.o
 .debug_macro   0x0001fa34       0x5e Drivers/STM32L4xx_HAL_Driver/Src/stm32l4xx_hal.o
 .debug_macro   0x0001fa92       0x93 Drivers/STM32L4xx_HAL_Driver/Src/stm32l4xx_hal.o
 .debug_macro   0x0001fb25     0x36a8 Drivers/STM32L4xx_HAL_Driver/Src/stm32l4xx_hal.o
 .debug_macro   0x000231cd       0x5e Drivers/STM32L4xx_HAL_Driver/Src/stm32l4xx_hal.o
 .debug_macro   0x0002322b       0x18 Drivers/STM32L4xx_HAL_Driver/Src/stm32l4xx_hal.o
 .debug_macro   0x00023243       0x35 Drivers/STM32L4xx_HAL_Driver/Src/stm32l4xx_hal.o
 .debug_macro   0x00023278       0x34 Drivers/STM32L4xx_HAL_Driver/Src/stm32l4xx_hal.o
 .debug_macro   0x000232ac       0x16 Drivers/STM32L4xx_HAL_Driver/Src/stm32l4xx_hal.o
 .debug_macro   0x000232c2       0x97 Drivers/STM32L4xx_HAL_Driver/Src/stm32l4xx_hal.o
 .debug_macro   0x00023359      0x330 Drivers/STM32L4xx_HAL_Driver/Src/stm32l4xx_hal.o
 .debug_macro   0x00023689       0xfd Drivers/STM32L4xx_HAL_Driver/Src/stm32l4xx_hal.o
 .debug_macro   0x00023786       0x10 Drivers/STM32L4xx_HAL_Driver/Src/stm32l4xx_hal.o
 .debug_macro   0x00023796       0x58 Drivers/STM32L4xx_HAL_Driver/Src/stm32l4xx_hal.o
 .debug_macro   0x000237ee       0x1f Drivers/STM32L4xx_HAL_Driver/Src/stm32l4xx_hal.o
 .debug_macro   0x0002380d       0x43 Drivers/STM32L4xx_HAL_Driver/Src/stm32l4xx_hal.o
 .debug_macro   0x00023850       0x20 Drivers/STM32L4xx_HAL_Driver/Src/stm32l4xx_hal.o
 .debug_macro   0x00023870      0x18e Drivers/STM32L4xx_HAL_Driver/Src/stm32l4xx_hal.o
 .debug_macro   0x000239fe       0x10 Drivers/STM32L4xx_HAL_Driver/Src/stm32l4xx_hal.o
 .debug_macro   0x00023a0e       0x1c Drivers/STM32L4xx_HAL_Driver/Src/stm32l4xx_hal.o
 .debug_macro   0x00023a2a       0x52 Drivers/STM32L4xx_HAL_Driver/Src/stm32l4xx_hal.o
 .debug_macro   0x00023a7c       0x40 Drivers/STM32L4xx_HAL_Driver/Src/stm32l4xx_hal.o
 .debug_macro   0x00023abc       0x10 Drivers/STM32L4xx_HAL_Driver/Src/stm32l4xx_hal.o
 .debug_macro   0x00023acc       0x40 Drivers/STM32L4xx_HAL_Driver/Src/stm32l4xx_hal.o
 .debug_macro   0x00023b0c       0xd7 Drivers/STM32L4xx_HAL_Driver/Src/stm32l4xx_hal.o
 .debug_macro   0x00023be3       0x1c Drivers/STM32L4xx_HAL_Driver/Src/stm32l4xx_hal.o
 .debug_macro   0x00023bff       0x3d Drivers/STM32L4xx_HAL_Driver/Src/stm32l4xx_hal.o
 .debug_macro   0x00023c3c       0x16 Drivers/STM32L4xx_HAL_Driver/Src/stm32l4xx_hal.o
 .debug_macro   0x00023c52      0x16f Drivers/STM32L4xx_HAL_Driver/Src/stm32l4xx_hal.o
 .debug_macro   0x00023dc1       0x50 Drivers/STM32L4xx_HAL_Driver/Src/stm32l4xx_hal.o
 .debug_macro   0x00023e11     0x1566 Drivers/STM32L4xx_HAL_Driver/Src/stm32l4xx_hal.o
 .debug_macro   0x00025377      0x59e Drivers/STM32L4xx_HAL_Driver/Src/stm32l4xx_hal.o
 .debug_macro   0x00025915      0x148 Drivers/STM32L4xx_HAL_Driver/Src/stm32l4xx_hal.o
 .debug_macro   0x00025a5d      0x18b Drivers/STM32L4xx_HAL_Driver/Src/stm32l4xx_hal.o
 .debug_macro   0x00025be8      0x26b Drivers/STM32L4xx_HAL_Driver/Src/stm32l4xx_hal.o
 .debug_macro   0x00025e53      0x23a Drivers/STM32L4xx_HAL_Driver/Src/stm32l4xx_hal.o
 .debug_macro   0x0002608d      0x367 Drivers/STM32L4xx_HAL_Driver/Src/stm32l4xx_hal.o
 .debug_macro   0x000263f4       0x10 Drivers/STM32L4xx_HAL_Driver/Src/stm32l4xx_hal.o
 .debug_macro   0x00026404       0xe4 Drivers/STM32L4xx_HAL_Driver/Src/stm32l4xx_hal.o
 .debug_macro   0x000264e8      0x202 Drivers/STM32L4xx_HAL_Driver/Src/stm32l4xx_hal.o
 .debug_macro   0x000266ea       0x61 Drivers/STM32L4xx_HAL_Driver/Src/stm32l4xx_hal.o
 .debug_macro   0x0002674b       0x90 Drivers/STM32L4xx_HAL_Driver/Src/stm32l4xx_hal.o
 .debug_macro   0x000267db      0x126 Drivers/STM32L4xx_HAL_Driver/Src/stm32l4xx_hal.o
 .debug_macro   0x00026901      0x3db Drivers/STM32L4xx_HAL_Driver/Src/stm32l4xx_hal.o
 .debug_macro   0x00026cdc      0x9f0 Drivers/STM32L4xx_HAL_Driver/Src/stm32l4xx_hal.o
 .debug_macro   0x000276cc      0x1ed Drivers/STM32L4xx_HAL_Driver/Src/stm32l4xx_hal.o
 .debug_macro   0x000278b9      0x325 Drivers/STM32L4xx_HAL_Driver/Src/stm32l4xx_hal.o
 .debug_macro   0x00027bde      0x3b2 Drivers/STM32L4xx_HAL_Driver/Src/stm32l4xx_hal_cortex.o
 .debug_macro   0x00027f90      0x3f4 Drivers/STM32L4xx_HAL_Driver/Src/stm32l4xx_hal_rcc.o
 .debug_macro   0x00028384      0x3b2 Drivers/STM32L4xx_HAL_Driver/Src/stm32l4xx_hal_tim.o
 .debug_macro   0x00028736      0x3c4 Drivers/STM32L4xx_HAL_Driver/Src/stm32l4xx_hal_tim_ex.o
 .debug_macro   0x00028afa      0x450 Drivers/STM32L4xx_HAL_Driver/Src/stm32l4xx_ll_adc.o
 .debug_macro   0x00028f4a      0x3da Drivers/STM32L4xx_HAL_Driver/Src/stm32l4xx_ll_exti.o
 .debug_macro   0x00029324      0x164 Drivers/STM32L4xx_HAL_Driver/Src/stm32l4xx_ll_exti.o
 .debug_macro   0x00029488      0x3e6 Drivers/STM32L4xx_HAL_Driver/Src/stm32l4xx_ll_gpio.o
 .debug_macro   0x0002986e      0x16c Drivers/STM32L4xx_HAL_Driver/Src/stm32l4xx_ll_gpio.o
 .debug_macro   0x000299da      0x3e6 Drivers/STM32L4xx_HAL_Driver/Src/stm32l4xx_ll_i2c.o
 .debug_macro   0x00029dc0      0x249 Drivers/STM32L4xx_HAL_Driver/Src/stm32l4xx_ll_i2c.o
 .debug_macro   0x0002a009      0x443 Drivers/STM32L4xx_HAL_Driver/Src/stm32l4xx_ll_rtc.o
 .debug_macro   0x0002a44c      0x4df Drivers/STM32L4xx_HAL_Driver/Src/stm32l4xx_ll_rtc.o
 .debug_macro   0x0002a92b      0x452 Drivers/STM32L4xx_HAL_Driver/Src/stm32l4xx_ll_tim.o
 .debug_macro   0x0002ad7d      0x9f8 Drivers/STM32L4xx_HAL_Driver/Src/stm32l4xx_ll_tim.o
 .debug_macro   0x0002b775      0x465 Drivers/STM32L4xx_HAL_Driver/Src/stm32l4xx_ll_utils.o
 .debug_macro   0x0002bbda       0xa1 Drivers/STM32L4xx_HAL_Driver/Src/stm32l4xx_ll_utils.o
 .debug_macro   0x0002bc7b      0x4a5 Middlewares/Third_Party/FreeRTOS/Source/CMSIS_RTOS/cmsis_os.o
 .debug_macro   0x0002c120       0x58 Middlewares/Third_Party/FreeRTOS/Source/CMSIS_RTOS/cmsis_os.o
 .debug_macro   0x0002c178       0x94 Middlewares/Third_Party/FreeRTOS/Source/CMSIS_RTOS/cmsis_os.o
 .debug_macro   0x0002c20c      0x174 Middlewares/Third_Party/FreeRTOS/Source/CMSIS_RTOS/cmsis_os.o
 .debug_macro   0x0002c380       0x57 Middlewares/Third_Party/FreeRTOS/Source/CMSIS_RTOS/cmsis_os.o
 .debug_macro   0x0002c3d7       0x10 Middlewares/Third_Party/FreeRTOS/Source/CMSIS_RTOS/cmsis_os.o
 .debug_macro   0x0002c3e7       0x35 Middlewares/Third_Party/FreeRTOS/Source/CMSIS_RTOS/cmsis_os.o
 .debug_macro   0x0002c41c       0x3b Middlewares/Third_Party/FreeRTOS/Source/CMSIS_RTOS/cmsis_os.o
 .debug_macro   0x0002c457       0xae Middlewares/Third_Party/FreeRTOS/Source/CMSIS_RTOS/cmsis_os.o
 .debug_macro   0x0002c505       0x1c Middlewares/Third_Party/FreeRTOS/Source/CMSIS_RTOS/cmsis_os.o
 .debug_macro   0x0002c521      0x708 Middlewares/Third_Party/FreeRTOS/Source/CMSIS_RTOS/cmsis_os.o
 .debug_macro   0x0002cc29       0xd2 Middlewares/Third_Party/FreeRTOS/Source/CMSIS_RTOS/cmsis_os.o
 .debug_macro   0x0002ccfb      0x168 Middlewares/Third_Party/FreeRTOS/Source/CMSIS_RTOS/cmsis_os.o
 .debug_macro   0x0002ce63       0xe4 Middlewares/Third_Party/FreeRTOS/Source/CMSIS_RTOS/cmsis_os.o
 .debug_macro   0x0002cf47       0x10 Middlewares/Third_Party/FreeRTOS/Source/CMSIS_RTOS/cmsis_os.o
 .debug_macro   0x0002cf57       0x1f Middlewares/Third_Party/FreeRTOS/Source/CMSIS_RTOS/cmsis_os.o
 .debug_macro   0x0002cf76      0x40f Middlewares/Third_Party/FreeRTOS/Source/CMSIS_RTOS/cmsis_os.o
 .debug_macro   0x0002d385       0xc0 Middlewares/Third_Party/FreeRTOS/Source/CMSIS_RTOS/cmsis_os.o
 .debug_macro   0x0002d445       0x8c Middlewares/Third_Party/FreeRTOS/Source/CMSIS_RTOS/cmsis_os.o
 .debug_macro   0x0002d4d1       0x91 Middlewares/Third_Party/FreeRTOS/Source/CMSIS_RTOS/cmsis_os.o
 .debug_macro   0x0002d562       0x94 Middlewares/Third_Party/FreeRTOS/Source/CMSIS_RTOS/cmsis_os.o
 .debug_macro   0x0002d5f6       0x63 Middlewares/Third_Party/FreeRTOS/Source/CMSIS_RTOS/cmsis_os.o
 .debug_macro   0x0002d659       0x19 Middlewares/Third_Party/FreeRTOS/Source/CMSIS_RTOS/cmsis_os.o
 .debug_macro   0x0002d672       0xcf Middlewares/Third_Party/FreeRTOS/Source/CMSIS_RTOS/cmsis_os.o
 .debug_macro   0x0002d741      0x438 Middlewares/Third_Party/FreeRTOS/Source/list.o
 .debug_macro   0x0002db79      0x521 Middlewares/Third_Party/FreeRTOS/Source/tasks.o
 .debug_macro   0x0002e09a       0x11 Middlewares/Third_Party/FreeRTOS/Source/tasks.o
 .debug_macro   0x0002e0ab      0x4ec Middlewares/Third_Party/FreeRTOS/Source/portable/GCC/ARM_CM4F/port.o
 .debug_macro   0x0002e597      0x45f Middlewares/Third_Party/FreeRTOS/Source/portable/MemMang/heap_4.o
 .debug_macro   0x0002e9f6      0x46a Src/main.o
 .debug_macro   0x0002ee60       0xd8 Src/main.o
 .debug_macro   0x0002ef38      0x3b2 Src/stm32l4xx_hal_msp.o
 .debug_macro   0x0002f2ea      0x3b2 Src/stm32l4xx_hal_timebase_TIM.o
 .debug_macro   0x0002f69c      0x470 Src/stm32l4xx_it.o
 .debug_macro   0x0002fb0c      0x3b9 Src/system_stm32l4xx.o

.debug_line     0x00000000    0x11f5d
 .debug_line    0x00000000      0xb91 Drivers/STM32L4xx_HAL_Driver/Src/stm32l4xx_hal.o
 .debug_line    0x00000b91      0xb39 Drivers/STM32L4xx_HAL_Driver/Src/stm32l4xx_hal_cortex.o
 .debug_line    0x000016ca      0xc87 Drivers/STM32L4xx_HAL_Driver/Src/stm32l4xx_hal_rcc.o
 .debug_line    0x00002351     0x1b7f Drivers/STM32L4xx_HAL_Driver/Src/stm32l4xx_hal_tim.o
 .debug_line    0x00003ed0      0xfcc Drivers/STM32L4xx_HAL_Driver/Src/stm32l4xx_hal_tim_ex.o
 .debug_line    0x00004e9c      0xb43 Drivers/STM32L4xx_HAL_Driver/Src/stm32l4xx_ll_adc.o
 .debug_line    0x000059df      0xaf2 Drivers/STM32L4xx_HAL_Driver/Src/stm32l4xx_ll_exti.o
 .debug_line    0x000064d1      0xad2 Drivers/STM32L4xx_HAL_Driver/Src/stm32l4xx_ll_gpio.o
 .debug_line    0x00006fa3      0xa0b Drivers/STM32L4xx_HAL_Driver/Src/stm32l4xx_ll_i2c.o
 .debug_line    0x000079ae      0xd16 Drivers/STM32L4xx_HAL_Driver/Src/stm32l4xx_ll_rtc.o
 .debug_line    0x000086c4      0xdec Drivers/STM32L4xx_HAL_Driver/Src/stm32l4xx_ll_tim.o
 .debug_line    0x000094b0      0xbce Drivers/STM32L4xx_HAL_Driver/Src/stm32l4xx_ll_utils.o
 .debug_line    0x0000a07e     0x114f Middlewares/Third_Party/FreeRTOS/Source/CMSIS_RTOS/cmsis_os.o
 .debug_line    0x0000b1cd      0xb37 Middlewares/Third_Party/FreeRTOS/Source/list.o
 .debug_line    0x0000bd04     0x13d3 Middlewares/Third_Party/FreeRTOS/Source/tasks.o
 .debug_line    0x0000d0d7      0xc33 Middlewares/Third_Party/FreeRTOS/Source/portable/GCC/ARM_CM4F/port.o
 .debug_line    0x0000dd0a      0xbeb Middlewares/Third_Party/FreeRTOS/Source/portable/MemMang/heap_4.o
 .debug_line    0x0000e8f5      0xe7b Src/main.o
 .debug_line    0x0000f770      0x93a Src/stm32l4xx_hal_msp.o
 .debug_line    0x000100aa      0x96c Src/stm32l4xx_hal_timebase_TIM.o
 .debug_line    0x00010a16      0xb53 Src/stm32l4xx_it.o
 .debug_line    0x00011569      0x975 Src/system_stm32l4xx.o
 .debug_line    0x00011ede       0x7f startup/startup_stm32l476xx.o

.debug_str      0x00000000   0x1112af
 .debug_str     0x00000000   0x100126 Drivers/STM32L4xx_HAL_Driver/Src/stm32l4xx_hal.o
                             0x101233 (size before relaxing)
 .debug_str     0x00100126      0x362 Drivers/STM32L4xx_HAL_Driver/Src/stm32l4xx_hal_cortex.o
                             0x100eaf (size before relaxing)
 .debug_str     0x00100488      0x5d8 Drivers/STM32L4xx_HAL_Driver/Src/stm32l4xx_hal_rcc.o
                             0x100cd0 (size before relaxing)
 .debug_str     0x00100a60     0x1078 Drivers/STM32L4xx_HAL_Driver/Src/stm32l4xx_hal_tim.o
                             0x1016ab (size before relaxing)
 .debug_str     0x00101ad8      0x64b Drivers/STM32L4xx_HAL_Driver/Src/stm32l4xx_hal_tim_ex.o
                             0x1010dd (size before relaxing)
 .debug_str     0x00102123     0x26d7 Drivers/STM32L4xx_HAL_Driver/Src/stm32l4xx_ll_adc.o
                             0x102d1c (size before relaxing)
 .debug_str     0x001047fa      0x4dd Drivers/STM32L4xx_HAL_Driver/Src/stm32l4xx_ll_exti.o
                             0x1009b5 (size before relaxing)
 .debug_str     0x00104cd7      0x654 Drivers/STM32L4xx_HAL_Driver/Src/stm32l4xx_ll_gpio.o
                             0x100cf8 (size before relaxing)
 .debug_str     0x0010532b      0x483 Drivers/STM32L4xx_HAL_Driver/Src/stm32l4xx_ll_i2c.o
                             0x100aaa (size before relaxing)
 .debug_str     0x001057ae     0x1057 Drivers/STM32L4xx_HAL_Driver/Src/stm32l4xx_ll_rtc.o
                             0x10155c (size before relaxing)
 .debug_str     0x00106805     0x1aec Drivers/STM32L4xx_HAL_Driver/Src/stm32l4xx_ll_tim.o
                             0x10231f (size before relaxing)
 .debug_str     0x001082f1      0xea8 Drivers/STM32L4xx_HAL_Driver/Src/stm32l4xx_ll_utils.o
                             0x1015ff (size before relaxing)
 .debug_str     0x00109199     0x5d99 Middlewares/Third_Party/FreeRTOS/Source/CMSIS_RTOS/cmsis_os.o
                             0x1062fb (size before relaxing)
 .debug_str     0x0010ef32      0x234 Middlewares/Third_Party/FreeRTOS/Source/list.o
                             0x103678 (size before relaxing)
 .debug_str     0x0010f166     0x10b7 Middlewares/Third_Party/FreeRTOS/Source/tasks.o
                             0x1056f9 (size before relaxing)
 .debug_str     0x0011021d      0x77c Middlewares/Third_Party/FreeRTOS/Source/portable/GCC/ARM_CM4F/port.o
                             0x1042ab (size before relaxing)
 .debug_str     0x00110999      0x243 Middlewares/Third_Party/FreeRTOS/Source/portable/MemMang/heap_4.o
                             0x103da6 (size before relaxing)
 .debug_str     0x00110bdc      0x587 Src/main.o
                             0x107363 (size before relaxing)
 .debug_str     0x00111163       0x1b Src/stm32l4xx_hal_msp.o
                             0x100b11 (size before relaxing)
 .debug_str     0x0011117e       0x61 Src/stm32l4xx_hal_timebase_TIM.o
                             0x101062 (size before relaxing)
 .debug_str     0x001111df       0x51 Src/stm32l4xx_it.o
                             0x105b13 (size before relaxing)
 .debug_str     0x00111230       0x50 Src/system_stm32l4xx.o
                             0x10069e (size before relaxing)
 .debug_str     0x00111280       0x2f startup/startup_stm32l476xx.o
                                 0x65 (size before relaxing)

.comment        0x00000000       0x7f
 .comment       0x00000000       0x7f Drivers/STM32L4xx_HAL_Driver/Src/stm32l4xx_hal.o
                                 0x80 (size before relaxing)
 .comment       0x0000007f       0x80 Drivers/STM32L4xx_HAL_Driver/Src/stm32l4xx_hal_cortex.o
 .comment       0x0000007f       0x80 Drivers/STM32L4xx_HAL_Driver/Src/stm32l4xx_hal_rcc.o
 .comment       0x0000007f       0x80 Drivers/STM32L4xx_HAL_Driver/Src/stm32l4xx_hal_tim.o
 .comment       0x0000007f       0x80 Drivers/STM32L4xx_HAL_Driver/Src/stm32l4xx_hal_tim_ex.o
 .comment       0x0000007f       0x80 Drivers/STM32L4xx_HAL_Driver/Src/stm32l4xx_ll_adc.o
 .comment       0x0000007f       0x80 Drivers/STM32L4xx_HAL_Driver/Src/stm32l4xx_ll_exti.o
 .comment       0x0000007f       0x80 Drivers/STM32L4xx_HAL_Driver/Src/stm32l4xx_ll_gpio.o
 .comment       0x0000007f       0x80 Drivers/STM32L4xx_HAL_Driver/Src/stm32l4xx_ll_i2c.o
 .comment       0x0000007f       0x80 Drivers/STM32L4xx_HAL_Driver/Src/stm32l4xx_ll_rtc.o
 .comment       0x0000007f       0x80 Drivers/STM32L4xx_HAL_Driver/Src/stm32l4xx_ll_tim.o
 .comment       0x0000007f       0x80 Drivers/STM32L4xx_HAL_Driver/Src/stm32l4xx_ll_utils.o
 .comment       0x0000007f       0x80 Middlewares/Third_Party/FreeRTOS/Source/CMSIS_RTOS/cmsis_os.o
 .comment       0x0000007f       0x80 Middlewares/Third_Party/FreeRTOS/Source/list.o
 .comment       0x0000007f       0x80 Middlewares/Third_Party/FreeRTOS/Source/tasks.o
 .comment       0x0000007f       0x80 Middlewares/Third_Party/FreeRTOS/Source/portable/GCC/ARM_CM4F/port.o
 .comment       0x0000007f       0x80 Middlewares/Third_Party/FreeRTOS/Source/portable/MemMang/heap_4.o
 .comment       0x0000007f       0x80 Src/main.o
 .comment       0x0000007f       0x80 Src/stm32l4xx_hal_msp.o
 .comment       0x0000007f       0x80 Src/stm32l4xx_hal_timebase_TIM.o
 .comment       0x0000007f       0x80 Src/stm32l4xx_it.o
 .comment       0x0000007f       0x80 Src/system_stm32l4xx.o

.debug_frame    0x00000000     0x27f0
 .debug_frame   0x00000000      0x23c Drivers/STM32L4xx_HAL_Driver/Src/stm32l4xx_hal.o
 .debug_frame   0x0000023c      0x13c Drivers/STM32L4xx_HAL_Driver/Src/stm32l4xx_hal_cortex.o
 .debug_frame   0x00000378      0x154 Drivers/STM32L4xx_HAL_Driver/Src/stm32l4xx_hal_rcc.o
 .debug_frame   0x000004cc      0xa10 Drivers/STM32L4xx_HAL_Driver/Src/stm32l4xx_hal_tim.o
 .debug_frame   0x00000edc      0x3e0 Drivers/STM32L4xx_HAL_Driver/Src/stm32l4xx_hal_tim_ex.o
 .debug_frame   0x000012bc       0xfc Drivers/STM32L4xx_HAL_Driver/Src/stm32l4xx_ll_adc.o
 .debug_frame   0x000013b8       0x54 Drivers/STM32L4xx_HAL_Driver/Src/stm32l4xx_ll_exti.o
 .debug_frame   0x0000140c       0x58 Drivers/STM32L4xx_HAL_Driver/Src/stm32l4xx_ll_gpio.o
 .debug_frame   0x00001464       0x4c Drivers/STM32L4xx_HAL_Driver/Src/stm32l4xx_ll_i2c.o
 .debug_frame   0x000014b0      0x164 Drivers/STM32L4xx_HAL_Driver/Src/stm32l4xx_ll_rtc.o
 .debug_frame   0x00001614      0x230 Drivers/STM32L4xx_HAL_Driver/Src/stm32l4xx_ll_tim.o
 .debug_frame   0x00001844       0xf4 Drivers/STM32L4xx_HAL_Driver/Src/stm32l4xx_ll_utils.o
 .debug_frame   0x00001938      0x584 Middlewares/Third_Party/FreeRTOS/Source/CMSIS_RTOS/cmsis_os.o
 .debug_frame   0x00001ebc       0x6c Middlewares/Third_Party/FreeRTOS/Source/list.o
 .debug_frame   0x00001f28      0x4e8 Middlewares/Third_Party/FreeRTOS/Source/tasks.o
 .debug_frame   0x00002410       0xf0 Middlewares/Third_Party/FreeRTOS/Source/portable/GCC/ARM_CM4F/port.o
 .debug_frame   0x00002500       0xac Middlewares/Third_Party/FreeRTOS/Source/portable/MemMang/heap_4.o
 .debug_frame   0x000025ac      0x12c Src/main.o
 .debug_frame   0x000026d8       0x2c Src/stm32l4xx_hal_msp.o
 .debug_frame   0x00002704       0x50 Src/stm32l4xx_hal_timebase_TIM.o
 .debug_frame   0x00002754       0x40 Src/stm32l4xx_it.o
 .debug_frame   0x00002794       0x30 Src/system_stm32l4xx.o
 .debug_frame   0x000027c4       0x2c c:/ac6/systemworkbench/plugins/fr.ac6.mcu.externaltools.arm-none.win32_1.17.0.201812190825/tools/compiler/bin/../lib/gcc/arm-none-eabi/7.3.1/../../../../arm-none-eabi/lib/thumb/v7e-m/fpv4-sp/hard\libc_nano.a(lib_a-init.o)
