Archive member included to satisfy reference by file (symbol)

c:/ac6/systemworkbench/plugins/fr.ac6.mcu.externaltools.arm-none.win32_1.17.0.201812190825/tools/compiler/bin/../lib/gcc/arm-none-eabi/7.3.1/../../../../arm-none-eabi/lib/thumb/v7e-m/fpv4-sp/hard\libc_nano.a(lib_a-exit.o)
                              c:/ac6/systemworkbench/plugins/fr.ac6.mcu.externaltools.arm-none.win32_1.17.0.201812190825/tools/compiler/bin/../lib/gcc/arm-none-eabi/7.3.1/../../../../arm-none-eabi/lib/thumb/v7e-m/fpv4-sp/hard/crt0.o (exit)
c:/ac6/systemworkbench/plugins/fr.ac6.mcu.externaltools.arm-none.win32_1.17.0.201812190825/tools/compiler/bin/../lib/gcc/arm-none-eabi/7.3.1/../../../../arm-none-eabi/lib/thumb/v7e-m/fpv4-sp/hard\libc_nano.a(lib_a-impure.o)
                              c:/ac6/systemworkbench/plugins/fr.ac6.mcu.externaltools.arm-none.win32_1.17.0.201812190825/tools/compiler/bin/../lib/gcc/arm-none-eabi/7.3.1/../../../../arm-none-eabi/lib/thumb/v7e-m/fpv4-sp/hard\libc_nano.a(lib_a-exit.o) (_global_impure_ptr)
c:/ac6/systemworkbench/plugins/fr.ac6.mcu.externaltools.arm-none.win32_1.17.0.201812190825/tools/compiler/bin/../lib/gcc/arm-none-eabi/7.3.1/../../../../arm-none-eabi/lib/thumb/v7e-m/fpv4-sp/hard\libc_nano.a(lib_a-init.o)
                              c:/ac6/systemworkbench/plugins/fr.ac6.mcu.externaltools.arm-none.win32_1.17.0.201812190825/tools/compiler/bin/../lib/gcc/arm-none-eabi/7.3.1/../../../../arm-none-eabi/lib/thumb/v7e-m/fpv4-sp/hard/crt0.o (__libc_init_array)
c:/ac6/systemworkbench/plugins/fr.ac6.mcu.externaltools.arm-none.win32_1.17.0.201812190825/tools/compiler/bin/../lib/gcc/arm-none-eabi/7.3.1/../../../../arm-none-eabi/lib/thumb/v7e-m/fpv4-sp/hard\libc_nano.a(lib_a-memcpy-stub.o)
                              Middlewares/Third_Party/FreeRTOS/Source/queue.o (memcpy)
c:/ac6/systemworkbench/plugins/fr.ac6.mcu.externaltools.arm-none.win32_1.17.0.201812190825/tools/compiler/bin/../lib/gcc/arm-none-eabi/7.3.1/../../../../arm-none-eabi/lib/thumb/v7e-m/fpv4-sp/hard\libc_nano.a(lib_a-memset.o)
                              c:/ac6/systemworkbench/plugins/fr.ac6.mcu.externaltools.arm-none.win32_1.17.0.201812190825/tools/compiler/bin/../lib/gcc/arm-none-eabi/7.3.1/../../../../arm-none-eabi/lib/thumb/v7e-m/fpv4-sp/hard/crt0.o (memset)
c:/ac6/systemworkbench/plugins/fr.ac6.mcu.externaltools.arm-none.win32_1.17.0.201812190825/tools/compiler/bin/../lib/gcc/arm-none-eabi/7.3.1/../../../../arm-none-eabi/lib/thumb/v7e-m/fpv4-sp/hard\libnosys.a(_exit.o)
                              c:/ac6/systemworkbench/plugins/fr.ac6.mcu.externaltools.arm-none.win32_1.17.0.201812190825/tools/compiler/bin/../lib/gcc/arm-none-eabi/7.3.1/../../../../arm-none-eabi/lib/thumb/v7e-m/fpv4-sp/hard\libc_nano.a(lib_a-exit.o) (_exit)

Allocating common symbols
Common symbol       size              file

defaultTaskHandle   0x4               Src/main.o
uwTick              0x4               Drivers/STM32L4xx_HAL_Driver/Src/stm32l4xx_hal.o
xQueueRegistry      0x40              Middlewares/Third_Party/FreeRTOS/Source/queue.o
pFlash              0x20              Drivers/STM32L4xx_HAL_Driver/Src/stm32l4xx_hal_flash.o
hrtc                0x24              Src/main.o
htim1               0x40              Src/stm32l4xx_hal_timebase_TIM.o

Discarded input sections

 .text          0x00000000        0x0 c:/ac6/systemworkbench/plugins/fr.ac6.mcu.externaltools.arm-none.win32_1.17.0.201812190825/tools/compiler/bin/../lib/gcc/arm-none-eabi/7.3.1/thumb/v7e-m/fpv4-sp/hard/crti.o
 .data          0x00000000        0x0 c:/ac6/systemworkbench/plugins/fr.ac6.mcu.externaltools.arm-none.win32_1.17.0.201812190825/tools/compiler/bin/../lib/gcc/arm-none-eabi/7.3.1/thumb/v7e-m/fpv4-sp/hard/crti.o
 .bss           0x00000000        0x0 c:/ac6/systemworkbench/plugins/fr.ac6.mcu.externaltools.arm-none.win32_1.17.0.201812190825/tools/compiler/bin/../lib/gcc/arm-none-eabi/7.3.1/thumb/v7e-m/fpv4-sp/hard/crti.o
 .data          0x00000000        0x4 c:/ac6/systemworkbench/plugins/fr.ac6.mcu.externaltools.arm-none.win32_1.17.0.201812190825/tools/compiler/bin/../lib/gcc/arm-none-eabi/7.3.1/thumb/v7e-m/fpv4-sp/hard/crtbegin.o
 .text          0x00000000       0x74 c:/ac6/systemworkbench/plugins/fr.ac6.mcu.externaltools.arm-none.win32_1.17.0.201812190825/tools/compiler/bin/../lib/gcc/arm-none-eabi/7.3.1/../../../../arm-none-eabi/lib/thumb/v7e-m/fpv4-sp/hard/crt0.o
 .data          0x00000000        0x0 c:/ac6/systemworkbench/plugins/fr.ac6.mcu.externaltools.arm-none.win32_1.17.0.201812190825/tools/compiler/bin/../lib/gcc/arm-none-eabi/7.3.1/../../../../arm-none-eabi/lib/thumb/v7e-m/fpv4-sp/hard/crt0.o
 .bss           0x00000000        0x0 c:/ac6/systemworkbench/plugins/fr.ac6.mcu.externaltools.arm-none.win32_1.17.0.201812190825/tools/compiler/bin/../lib/gcc/arm-none-eabi/7.3.1/../../../../arm-none-eabi/lib/thumb/v7e-m/fpv4-sp/hard/crt0.o
[...]
Memory Configuration

Name             Origin             Length             Attributes
RAM              0x20000000         0x00018000         xrw
RAM2             0x10000000         0x00008000         xrw
FLASH            0x08000000         0x00100000         xr
*default*        0x00000000         0xffffffff

Linker script and memory map

LOAD c:/ac6/systemworkbench/plugins/fr.ac6.mcu.externaltools.arm-none.win32_1.17.0.201812190825/tools/compiler/bin/../lib/gcc/arm-none-eabi/7.3.1/thumb/v7e-m/fpv4-sp/hard/crti.o
LOAD c:/ac6/systemworkbench/plugins/fr.ac6.mcu.externaltools.arm-none.win32_1.17.0.201812190825/tools/compiler/bin/../lib/gcc/arm-none-eabi/7.3.1/thumb/v7e-m/fpv4-sp/hard/crtbegin.o
LOAD c:/ac6/systemworkbench/plugins/fr.ac6.mcu.externaltools.arm-none.win32_1.17.0.201812190825/tools/compiler/bin/../lib/gcc/arm-none-eabi/7.3.1/../../../../arm-none-eabi/lib/thumb/v7e-m/fpv4-sp/hard/crt0.o
LOAD Drivers/STM32L4xx_HAL_Driver/Src/stm32l4xx_hal.o
LOAD Drivers/STM32L4xx_HAL_Driver/Src/stm32l4xx_hal_cortex.o
LOAD Drivers/STM32L4xx_HAL_Driver/Src/stm32l4xx_hal_dma.o
LOAD Drivers/STM32L4xx_HAL_Driver/Src/stm32l4xx_hal_dma_ex.o
LOAD Drivers/STM32L4xx_HAL_Driver/Src/stm32l4xx_hal_flash.o
LOAD Drivers/STM32L4xx_HAL_Driver/Src/stm32l4xx_hal_flash_ex.o
LOAD Drivers/STM32L4xx_HAL_Driver/Src/stm32l4xx_hal_flash_ramfunc.o
LOAD Drivers/STM32L4xx_HAL_Driver/Src/stm32l4xx_hal_gpio.o
LOAD Drivers/STM32L4xx_HAL_Driver/Src/stm32l4xx_hal_i2c.o
LOAD Drivers/STM32L4xx_HAL_Driver/Src/stm32l4xx_hal_i2c_ex.o
LOAD Drivers/STM32L4xx_HAL_Driver/Src/stm32l4xx_hal_pwr.o
LOAD Drivers/STM32L4xx_HAL_Driver/Src/stm32l4xx_hal_pwr_ex.o
LOAD Drivers/STM32L4xx_HAL_Driver/Src/stm32l4xx_hal_rcc.o
LOAD Drivers/STM32L4xx_HAL_Driver/Src/stm32l4xx_hal_rcc_ex.o
LOAD Drivers/STM32L4xx_HAL_Driver/Src/stm32l4xx_hal_rtc.o
LOAD Drivers/STM32L4xx_HAL_Driver/Src/stm32l4xx_hal_rtc_ex.o
LOAD Drivers/STM32L4xx_HAL_Driver/Src/stm32l4xx_hal_tim.o
LOAD Drivers/STM32L4xx_HAL_Driver/Src/stm32l4xx_hal_tim_ex.o
LOAD Drivers/STM32L4xx_HAL_Driver/Src/stm32l4xx_ll_dma.o
LOAD Drivers/STM32L4xx_HAL_Driver/Src/stm32l4xx_ll_exti.o
LOAD Drivers/STM32L4xx_HAL_Driver/Src/stm32l4xx_ll_gpio.o
LOAD Drivers/STM32L4xx_HAL_Driver/Src/stm32l4xx_ll_i2c.o
LOAD Drivers/STM32L4xx_HAL_Driver/Src/stm32l4xx_ll_rtc.o
LOAD Drivers/STM32L4xx_HAL_Driver/Src/stm32l4xx_ll_utils.o
LOAD Middlewares/Third_Party/FreeRTOS/Source/CMSIS_RTOS/cmsis_os.o
LOAD Middlewares/Third_Party/FreeRTOS/Source/croutine.o
LOAD Middlewares/Third_Party/FreeRTOS/Source/event_groups.o
LOAD Middlewares/Third_Party/FreeRTOS/Source/list.o
LOAD Middlewares/Third_Party/FreeRTOS/Source/queue.o
LOAD Middlewares/Third_Party/FreeRTOS/Source/tasks.o
LOAD Middlewares/Third_Party/FreeRTOS/Source/timers.o
LOAD Middlewares/Third_Party/FreeRTOS/Source/portable/GCC/ARM_CM4F/port.o
LOAD Middlewares/Third_Party/FreeRTOS/Source/portable/MemMang/heap_4.o
LOAD Src/clock.o
LOAD Src/freertos.o
LOAD Src/i2c.o
LOAD Src/main.o
LOAD Src/rtc.o
LOAD Src/stm32l4xx_hal_msp.o
LOAD Src/stm32l4xx_hal_timebase_TIM.o
LOAD Src/stm32l4xx_it.o
LOAD Src/system_stm32l4xx.o
LOAD Src/taskI2CManage.o
LOAD Src/taskTimeManage.o
LOAD startup/startup_stm32l476xx.o
LOAD c:/ac6/systemworkbench/plugins/fr.ac6.mcu.externaltools.arm-none.win32_1.17.0.201812190825/tools/compiler/bin/../lib/gcc/arm-none-eabi/7.3.1/../../../../arm-none-eabi/lib/thumb/v7e-m/fpv4-sp/hard\libm.a
START GROUP
LOAD c:/ac6/systemworkbench/plugins/fr.ac6.mcu.externaltools.arm-none.win32_1.17.0.201812190825/tools/compiler/bin/../lib/gcc/arm-none-eabi/7.3.1/thumb/v7e-m/fpv4-sp/hard\libgcc.a
LOAD c:/ac6/systemworkbench/plugins/fr.ac6.mcu.externaltools.arm-none.win32_1.17.0.201812190825/tools/compiler/bin/../lib/gcc/arm-none-eabi/7.3.1/../../../../arm-none-eabi/lib/thumb/v7e-m/fpv4-sp/hard\libc_nano.a
END GROUP
START GROUP
LOAD c:/ac6/systemworkbench/plugins/fr.ac6.mcu.externaltools.arm-none.win32_1.17.0.201812190825/tools/compiler/bin/../lib/gcc/arm-none-eabi/7.3.1/thumb/v7e-m/fpv4-sp/hard\libgcc.a
LOAD c:/ac6/systemworkbench/plugins/fr.ac6.mcu.externaltools.arm-none.win32_1.17.0.201812190825/tools/compiler/bin/../lib/gcc/arm-none-eabi/7.3.1/../../../../arm-none-eabi/lib/thumb/v7e-m/fpv4-sp/hard\libc_nano.a
LOAD c:/ac6/systemworkbench/plugins/fr.ac6.mcu.externaltools.arm-none.win32_1.17.0.201812190825/tools/compiler/bin/../lib/gcc/arm-none-eabi/7.3.1/../../../../arm-none-eabi/lib/thumb/v7e-m/fpv4-sp/hard\libnosys.a
END GROUP
START GROUP
LOAD c:/ac6/systemworkbench/plugins/fr.ac6.mcu.externaltools.arm-none.win32_1.17.0.201812190825/tools/compiler/bin/../lib/gcc/arm-none-eabi/7.3.1/thumb/v7e-m/fpv4-sp/hard\libgcc.a
LOAD c:/ac6/systemworkbench/plugins/fr.ac6.mcu.externaltools.arm-none.win32_1.17.0.201812190825/tools/compiler/bin/../lib/gcc/arm-none-eabi/7.3.1/../../../../arm-none-eabi/lib/thumb/v7e-m/fpv4-sp/hard\libc_nano.a
LOAD c:/ac6/systemworkbench/plugins/fr.ac6.mcu.externaltools.arm-none.win32_1.17.0.201812190825/tools/compiler/bin/../lib/gcc/arm-none-eabi/7.3.1/../../../../arm-none-eabi/lib/thumb/v7e-m/fpv4-sp/hard\libnosys.a
END GROUP
LOAD c:/ac6/systemworkbench/plugins/fr.ac6.mcu.externaltools.arm-none.win32_1.17.0.201812190825/tools/compiler/bin/../lib/gcc/arm-none-eabi/7.3.1/thumb/v7e-m/fpv4-sp/hard/crtend.o
LOAD c:/ac6/systemworkbench/plugins/fr.ac6.mcu.externaltools.arm-none.win32_1.17.0.201812190825/tools/compiler/bin/../lib/gcc/arm-none-eabi/7.3.1/thumb/v7e-m/fpv4-sp/hard/crtn.o
                0x20018000                _estack = 0x20018000
                0x00000200                _Min_Heap_Size = 0x200
                0x00000400                _Min_Stack_Size = 0x400

.isr_vector     0x08000000      0x188
                0x08000000                . = ALIGN (0x8)
 *(.isr_vector)
 .isr_vector    0x08000000      0x188 startup/startup_stm32l476xx.o
                0x08000000                g_pfnVectors
                0x08000188                . = ALIGN (0x8)

.text           0x08000190     0x2408
                0x08000190                . = ALIGN (0x8)
 *(.text)
 .text          0x08000190       0x40 c:/ac6/systemworkbench/plugins/fr.ac6.mcu.externaltools.arm-none.win32_1.17.0.201812190825/tools/compiler/bin/../lib/gcc/arm-none-eabi/7.3.1/thumb/v7e-m/fpv4-sp/hard/crtbegin.o
 *(.text*)
 .text.HAL_Init
                0x080001d0       0x24 Drivers/STM32L4xx_HAL_Driver/Src/stm32l4xx_hal.o
                0x080001d0                HAL_Init
 .text.HAL_IncTick
                0x080001f4       0x10 Drivers/STM32L4xx_HAL_Driver/Src/stm32l4xx_hal.o
                0x080001f4                HAL_IncTick
 .text.HAL_GetTick
                0x08000204        0xc Drivers/STM32L4xx_HAL_Driver/Src/stm32l4xx_hal.o
                0x08000204                HAL_GetTick
 .text.HAL_NVIC_SetPriorityGrouping
                0x08000210       0x24 Drivers/STM32L4xx_HAL_Driver/Src/stm32l4xx_hal_cortex.o
                0x08000210                HAL_NVIC_SetPriorityGrouping
 .text.HAL_NVIC_SetPriority
                0x08000234       0x68 Drivers/STM32L4xx_HAL_Driver/Src/stm32l4xx_hal_cortex.o
                0x08000234                HAL_NVIC_SetPriority
 .text.HAL_NVIC_EnableIRQ
                0x0800029c       0x18 Drivers/STM32L4xx_HAL_Driver/Src/stm32l4xx_hal_cortex.o
                0x0800029c                HAL_NVIC_EnableIRQ
 .text.HAL_RCC_GetHCLKFreq
                0x080002b4        0xc Drivers/STM32L4xx_HAL_Driver/Src/stm32l4xx_hal_rcc.o
                0x080002b4                HAL_RCC_GetHCLKFreq
 .text.HAL_RCC_GetPCLK2Freq
                0x080002c0       0x20 Drivers/STM32L4xx_HAL_Driver/Src/stm32l4xx_hal_rcc.o
                0x080002c0                HAL_RCC_GetPCLK2Freq
 .text.HAL_RCC_GetClockConfig
                0x080002e0       0x3c Drivers/STM32L4xx_HAL_Driver/Src/stm32l4xx_hal_rcc.o
                0x080002e0                HAL_RCC_GetClockConfig
 .text.HAL_RTC_WaitForSynchro
                0x0800031c       0x32 Drivers/STM32L4xx_HAL_Driver/Src/stm32l4xx_hal_rtc.o
                0x0800031c                HAL_RTC_WaitForSynchro
 .text.RTC_EnterInitMode
                0x0800034e       0x3c Drivers/STM32L4xx_HAL_Driver/Src/stm32l4xx_hal_rtc.o
                0x0800034e                RTC_EnterInitMode
 .text.HAL_RTC_Init
                0x0800038a       0xd4 Drivers/STM32L4xx_HAL_Driver/Src/stm32l4xx_hal_rtc.o
                0x0800038a                HAL_RTC_Init
 .text.RTC_ByteToBcd2
                0x0800045e       0x16 Drivers/STM32L4xx_HAL_Driver/Src/stm32l4xx_hal_rtc.o
                0x0800045e                RTC_ByteToBcd2
 .text.HAL_RTC_SetTime
                0x08000474      0x112 Drivers/STM32L4xx_HAL_Driver/Src/stm32l4xx_hal_rtc.o
                0x08000474                HAL_RTC_SetTime
 .text.HAL_RTC_SetDate
                0x08000586       0xec Drivers/STM32L4xx_HAL_Driver/Src/stm32l4xx_hal_rtc.o
                0x08000586                HAL_RTC_SetDate
 .text.HAL_RTCEx_BKUPWrite
                0x08000672        0xa Drivers/STM32L4xx_HAL_Driver/Src/stm32l4xx_hal_rtc_ex.o
                0x08000672                HAL_RTCEx_BKUPWrite
 .text.HAL_RTCEx_BKUPRead
                0x0800067c        0xa Drivers/STM32L4xx_HAL_Driver/Src/stm32l4xx_hal_rtc_ex.o
                0x0800067c                HAL_RTCEx_BKUPRead
 .text.HAL_TIM_Base_MspInit
                0x08000686        0x2 Drivers/STM32L4xx_HAL_Driver/Src/stm32l4xx_hal_tim.o
                0x08000686                HAL_TIM_Base_MspInit
 .text.HAL_TIM_Base_Start_IT
                0x08000688       0x18 Drivers/STM32L4xx_HAL_Driver/Src/stm32l4xx_hal_tim.o
                0x08000688                HAL_TIM_Base_Start_IT
 .text.HAL_TIM_OC_DelayElapsedCallback
                0x080006a0        0x2 Drivers/STM32L4xx_HAL_Driver/Src/stm32l4xx_hal_tim.o
                0x080006a0                HAL_TIM_OC_DelayElapsedCallback
 .text.HAL_TIM_IC_CaptureCallback
                0x080006a2        0x2 Drivers/STM32L4xx_HAL_Driver/Src/stm32l4xx_hal_tim.o
                0x080006a2                HAL_TIM_IC_CaptureCallback
 .text.HAL_TIM_PWM_PulseFinishedCallback
                0x080006a4        0x2 Drivers/STM32L4xx_HAL_Driver/Src/stm32l4xx_hal_tim.o
                0x080006a4                HAL_TIM_PWM_PulseFinishedCallback
 .text.HAL_TIM_TriggerCallback
                0x080006a6        0x2 Drivers/STM32L4xx_HAL_Driver/Src/stm32l4xx_hal_tim.o
                0x080006a6                HAL_TIM_TriggerCallback
 .text.HAL_TIM_IRQHandler
                0x080006a8      0x17a Drivers/STM32L4xx_HAL_Driver/Src/stm32l4xx_hal_tim.o
                0x080006a8                HAL_TIM_IRQHandler
 *fill*         0x08000822        0x2 
 .text.TIM_Base_SetConfig
                0x08000824       0xc8 Drivers/STM32L4xx_HAL_Driver/Src/stm32l4xx_hal_tim.o
                0x08000824                TIM_Base_SetConfig
 .text.HAL_TIM_Base_Init
                0x080008ec       0x32 Drivers/STM32L4xx_HAL_Driver/Src/stm32l4xx_hal_tim.o
                0x080008ec                HAL_TIM_Base_Init
 .text.HAL_TIMEx_CommutationCallback
                0x0800091e        0x2 Drivers/STM32L4xx_HAL_Driver/Src/stm32l4xx_hal_tim_ex.o
                0x0800091e                HAL_TIMEx_CommutationCallback
 .text.HAL_TIMEx_BreakCallback
                0x08000920        0x2 Drivers/STM32L4xx_HAL_Driver/Src/stm32l4xx_hal_tim_ex.o
                0x08000920                HAL_TIMEx_BreakCallback
 *fill*         0x08000922        0x2 
 .text.LL_EXTI_Init
                0x08000924      0x190 Drivers/STM32L4xx_HAL_Driver/Src/stm32l4xx_ll_exti.o
                0x08000924                LL_EXTI_Init
 .text.LL_GPIO_Init
                0x08000ab4      0x132 Drivers/STM32L4xx_HAL_Driver/Src/stm32l4xx_ll_gpio.o
                0x08000ab4                LL_GPIO_Init
 *fill*         0x08000be6        0x2 
 .text.LL_Init1msTick
                0x08000be8       0x20 Drivers/STM32L4xx_HAL_Driver/Src/stm32l4xx_ll_utils.o
                0x08000be8                LL_Init1msTick
 .text.LL_SetSystemCoreClock
                0x08000c08        0xc Drivers/STM32L4xx_HAL_Driver/Src/stm32l4xx_ll_utils.o
                0x08000c08                LL_SetSystemCoreClock
 .text.makeFreeRtosPriority
                0x08000c14        0xc Middlewares/Third_Party/FreeRTOS/Source/CMSIS_RTOS/cmsis_os.o
 .text.osKernelStart
                0x08000c20        0xa Middlewares/Third_Party/FreeRTOS/Source/CMSIS_RTOS/cmsis_os.o
                0x08000c20                osKernelStart
 .text.osThreadCreate
                0x08000c2a       0x34 Middlewares/Third_Party/FreeRTOS/Source/CMSIS_RTOS/cmsis_os.o
                0x08000c2a                osThreadCreate
 .text.osDelay  0x08000c5e       0x12 Middlewares/Third_Party/FreeRTOS/Source/CMSIS_RTOS/cmsis_os.o
                0x08000c5e                osDelay
 .text.osSystickHandler
                0x08000c70       0x10 Middlewares/Third_Party/FreeRTOS/Source/CMSIS_RTOS/cmsis_os.o
                0x08000c70                osSystickHandler
 .text.vListInitialise
                0x08000c80       0x16 Middlewares/Third_Party/FreeRTOS/Source/list.o
                0x08000c80                vListInitialise
 .text.vListInitialiseItem
                0x08000c96        0x6 Middlewares/Third_Party/FreeRTOS/Source/list.o
                0x08000c96                vListInitialiseItem
 .text.vListInsertEnd
                0x08000c9c       0x18 Middlewares/Third_Party/FreeRTOS/Source/list.o
                0x08000c9c                vListInsertEnd
 .text.vListInsert
                0x08000cb4       0x34 Middlewares/Third_Party/FreeRTOS/Source/list.o
                0x08000cb4                vListInsert
 .text.uxListRemove
                0x08000ce8       0x26 Middlewares/Third_Party/FreeRTOS/Source/list.o
                0x08000ce8                uxListRemove
 *fill*         0x08000d0e        0x2 
 .text.prvResetNextTaskUnblockTime
                0x08000d10       0x24 Middlewares/Third_Party/FreeRTOS/Source/tasks.o
 .text.prvDeleteTCB
                0x08000d34       0x12 Middlewares/Third_Party/FreeRTOS/Source/tasks.o
 .text.prvInitialiseNewTask
                0x08000d46       0x80 Middlewares/Third_Party/FreeRTOS/Source/tasks.o
 *fill*         0x08000dc6        0x2 
 .text.prvInitialiseTaskLists
                0x08000dc8       0x58 Middlewares/Third_Party/FreeRTOS/Source/tasks.o
 .text.prvAddNewTaskToReadyList
                0x08000e20       0xac Middlewares/Third_Party/FreeRTOS/Source/tasks.o
 .text.prvAddCurrentTaskToDelayedList
                0x08000ecc       0x88 Middlewares/Third_Party/FreeRTOS/Source/tasks.o
 .text.xTaskCreate
                0x08000f54       0x62 Middlewares/Third_Party/FreeRTOS/Source/tasks.o
                0x08000f54                xTaskCreate
 *fill*         0x08000fb6        0x2 
 .text.vTaskStartScheduler
                0x08000fb8       0x74 Middlewares/Third_Party/FreeRTOS/Source/tasks.o
                0x08000fb8                vTaskStartScheduler
 .text.vTaskSuspendAll
                0x0800102c       0x14 Middlewares/Third_Party/FreeRTOS/Source/tasks.o
                0x0800102c                vTaskSuspendAll
 .text.xTaskIncrementTick
                0x08001040      0x10c Middlewares/Third_Party/FreeRTOS/Source/tasks.o
                0x08001040                xTaskIncrementTick
 .text.xTaskResumeAll
                0x0800114c       0xf0 Middlewares/Third_Party/FreeRTOS/Source/tasks.o
                0x0800114c                xTaskResumeAll
 .text.vTaskDelay
                0x0800123c       0x4c Middlewares/Third_Party/FreeRTOS/Source/tasks.o
                0x0800123c                vTaskDelay
 .text.prvCheckTasksWaitingTermination
                0x08001288       0x54 Middlewares/Third_Party/FreeRTOS/Source/tasks.o
 .text.prvIdleTask
                0x080012dc       0x28 Middlewares/Third_Party/FreeRTOS/Source/tasks.o
 .text.vTaskSwitchContext
                0x08001304       0x90 Middlewares/Third_Party/FreeRTOS/Source/tasks.o
                0x08001304                vTaskSwitchContext
 .text.xTaskGetSchedulerState
                0x08001394       0x20 Middlewares/Third_Party/FreeRTOS/Source/tasks.o
                0x08001394                xTaskGetSchedulerState
 .text.prvTaskExitError
                0x080013b4       0x34 Middlewares/Third_Party/FreeRTOS/Source/portable/GCC/ARM_CM4F/port.o
 .text.prvPortStartFirstTask
                0x080013e8       0x20 Middlewares/Third_Party/FreeRTOS/Source/portable/GCC/ARM_CM4F/port.o
 .text.vPortEnableVFP
                0x08001408       0x14 Middlewares/Third_Party/FreeRTOS/Source/portable/GCC/ARM_CM4F/port.o
 .text.pxPortInitialiseStack
                0x0800141c       0x2c Middlewares/Third_Party/FreeRTOS/Source/portable/GCC/ARM_CM4F/port.o
                0x0800141c                pxPortInitialiseStack
 *fill*         0x08001448        0x8 
 .text.SVC_Handler
                0x08001450       0x24 Middlewares/Third_Party/FreeRTOS/Source/portable/GCC/ARM_CM4F/port.o
                0x08001450                SVC_Handler
 .text.vPortEnterCritical
                0x08001474       0x44 Middlewares/Third_Party/FreeRTOS/Source/portable/GCC/ARM_CM4F/port.o
                0x08001474                vPortEnterCritical
 .text.vPortExitCritical
                0x080014b8       0x2c Middlewares/Third_Party/FreeRTOS/Source/portable/GCC/ARM_CM4F/port.o
                0x080014b8                vPortExitCritical
 *fill*         0x080014e4        0xc 
 .text.PendSV_Handler
                0x080014f0       0x64 Middlewares/Third_Party/FreeRTOS/Source/portable/GCC/ARM_CM4F/port.o
                0x080014f0                PendSV_Handler
 .text.xPortSysTickHandler
                0x08001554       0x2c Middlewares/Third_Party/FreeRTOS/Source/portable/GCC/ARM_CM4F/port.o
                0x08001554                xPortSysTickHandler
 .text.vPortSetupTimerInterrupt
                0x08001580       0x2c Middlewares/Third_Party/FreeRTOS/Source/portable/GCC/ARM_CM4F/port.o
                0x08001580                vPortSetupTimerInterrupt
 .text.xPortStartScheduler
                0x080015ac       0xe8 Middlewares/Third_Party/FreeRTOS/Source/portable/GCC/ARM_CM4F/port.o
                0x080015ac                xPortStartScheduler
 .text.prvHeapInit
                0x08001694       0x50 Middlewares/Third_Party/FreeRTOS/Source/portable/MemMang/heap_4.o
 .text.prvInsertBlockIntoFreeList
                0x080016e4       0x54 Middlewares/Third_Party/FreeRTOS/Source/portable/MemMang/heap_4.o
 .text.pvPortMalloc
                0x08001738       0xf4 Middlewares/Third_Party/FreeRTOS/Source/portable/MemMang/heap_4.o
                0x08001738                pvPortMalloc
 .text.vPortFree
                0x0800182c       0x6c Middlewares/Third_Party/FreeRTOS/Source/portable/MemMang/heap_4.o
                0x0800182c                vPortFree
 .text.MX_GPIO_Init
                0x08001898      0x118 Src/main.o
 .text.StartDefaultTask
                0x080019b0        0xa Src/main.o
                0x080019b0                StartDefaultTask
 *fill*         0x080019ba        0x2 
 .text.HAL_TIM_PeriodElapsedCallback
                0x080019bc       0x18 Src/main.o
                0x080019bc                HAL_TIM_PeriodElapsedCallback
 .text._Error_Handler
                0x080019d4        0x2 Src/main.o
                0x080019d4                _Error_Handler
 *fill*         0x080019d6        0x2 
 .text.MX_RTC_Init
                0x080019d8       0xac Src/main.o
 .text.SystemClock_Config
                0x08001a84      0x194 Src/main.o
                0x08001a84                SystemClock_Config
 .text.main     0x08001c18       0x4c Src/main.o
                0x08001c18                main
 .text.StandByMode
                0x08001c64       0x90 Src/rtc.o
                0x08001c64                StandByMode
 .text.HAL_MspInit
                0x08001cf4       0x90 Src/stm32l4xx_hal_msp.o
                0x08001cf4                HAL_MspInit
 .text.HAL_RTC_MspInit
                0x08001d84       0x24 Src/stm32l4xx_hal_msp.o
                0x08001d84                HAL_RTC_MspInit
 .text.HAL_InitTick
                0x08001da8       0x78 Src/stm32l4xx_hal_timebase_TIM.o
                0x08001da8                HAL_InitTick
 .text.SysTick_Handler
                0x08001e20        0x8 Src/stm32l4xx_it.o
                0x08001e20                SysTick_Handler
 .text.TIM1_UP_TIM16_IRQHandler
                0x08001e28       0x10 Src/stm32l4xx_it.o
                0x08001e28                TIM1_UP_TIM16_IRQHandler
 .text.SystemInit
                0x08001e38       0x48 Src/system_stm32l4xx.o
                0x08001e38                SystemInit
 .text.taskI2CManage_task
                0x08001e80       0x78 Src/taskI2CManage.o
                0x08001e80                taskI2CManage_task
 .text.taskI2CManageslave_task
                0x08001ef8       0x90 Src/taskI2CManage.o
                0x08001ef8                taskI2CManageslave_task
 .text.taskI2CManage_init
                0x08001f88       0x38 Src/taskI2CManage.o
                0x08001f88                taskI2CManage_init
 .text.config_master
                0x08001fc0      0x1bc Src/taskI2CManage.o
                0x08001fc0                config_master
 .text.config_slave
                0x0800217c      0x1d4 Src/taskI2CManage.o
                0x0800217c                config_slave
 .text.taskTimeManage_init
                0x08002350       0x4c Src/taskTimeManage.o
                0x08002350                taskTimeManage_init
 .text.CalculateSeconds
                0x0800239c       0x34 Src/taskTimeManage.o
                0x0800239c                CalculateSeconds
 .text.CheckCurrentTime
                0x080023d0       0x2c Src/taskTimeManage.o
                0x080023d0                CheckCurrentTime
 .text.taskTimeManage_task
                0x080023fc       0xe8 Src/taskTimeManage.o
                0x080023fc                taskTimeManage_task
 .text.Reset_Handler
                0x080024e4       0x50 startup/startup_stm32l476xx.o
                0x080024e4                Reset_Handler
 .text.Default_Handler
                0x08002534        0x2 startup/startup_stm32l476xx.o
                0x08002534                RTC_Alarm_IRQHandler
                0x08002534                EXTI2_IRQHandler
                0x08002534                TIM8_TRG_COM_IRQHandler
                0x08002534                TIM8_CC_IRQHandler
                0x08002534                DebugMon_Handler
                0x08002534                TIM1_CC_IRQHandler
                0x08002534                TSC_IRQHandler
                0x08002534                HardFault_Handler
                0x08002534                TAMP_STAMP_IRQHandler
                0x08002534                NMI_Handler
                0x08002534                EXTI3_IRQHandler
                0x08002534                LPTIM2_IRQHandler
                0x08002534                DFSDM1_FLT1_IRQHandler
                0x08002534                I2C3_ER_IRQHandler
                0x08002534                DFSDM1_FLT2_IRQHandler
                0x08002534                EXTI0_IRQHandler
                0x08002534                I2C2_EV_IRQHandler
                0x08002534                CAN1_RX0_IRQHandler
                0x08002534                FPU_IRQHandler
                0x08002534                UsageFault_Handler
                0x08002534                ADC1_2_IRQHandler
                0x08002534                SPI1_IRQHandler
                0x08002534                TIM6_DAC_IRQHandler
                0x08002534                TIM8_UP_IRQHandler
                0x08002534                DMA2_Channel2_IRQHandler
                0x08002534                DMA1_Channel4_IRQHandler
                0x08002534                SAI2_IRQHandler
                0x08002534                DFSDM1_FLT3_IRQHandler
                0x08002534                USART3_IRQHandler
                0x08002534                DMA1_Channel7_IRQHandler
                0x08002534                CAN1_RX1_IRQHandler
                0x08002534                LCD_IRQHandler
                0x08002534                UART5_IRQHandler
                0x08002534                ADC3_IRQHandler
                0x08002534                TIM4_IRQHandler
                0x08002534                DMA2_Channel1_IRQHandler
                0x08002534                QUADSPI_IRQHandler
                0x08002534                I2C1_EV_IRQHandler
                0x08002534                DMA1_Channel6_IRQHandler
                0x08002534                UART4_IRQHandler
                0x08002534                DMA2_Channel4_IRQHandler
                0x08002534                TIM3_IRQHandler
                0x08002534                RCC_IRQHandler
                0x08002534                DMA1_Channel1_IRQHandler
                0x08002534                Default_Handler
                0x08002534                DMA2_Channel7_IRQHandler
                0x08002534                EXTI15_10_IRQHandler
                0x08002534                TIM7_IRQHandler
                0x08002534                SDMMC1_IRQHandler
                0x08002534                TIM5_IRQHandler
                0x08002534                I2C3_EV_IRQHandler
                0x08002534                EXTI9_5_IRQHandler
                0x08002534                RTC_WKUP_IRQHandler
                0x08002534                PVD_PVM_IRQHandler
                0x08002534                SPI2_IRQHandler
                0x08002534                MemManage_Handler
                0x08002534                CAN1_TX_IRQHandler
                0x08002534                DMA2_Channel5_IRQHandler
                0x08002534                DMA1_Channel5_IRQHandler
                0x08002534                EXTI4_IRQHandler
                0x08002534                RNG_IRQHandler
                0x08002534                TIM1_TRG_COM_TIM17_IRQHandler
                0x08002534                DMA1_Channel3_IRQHandler
                0x08002534                COMP_IRQHandler
                0x08002534                WWDG_IRQHandler
                0x08002534                LPUART1_IRQHandler
                0x08002534                DMA2_Channel6_IRQHandler
                0x08002534                TIM2_IRQHandler
                0x08002534                EXTI1_IRQHandler
                0x08002534                USART2_IRQHandler
                0x08002534                DFSDM1_FLT0_IRQHandler
                0x08002534                I2C2_ER_IRQHandler
                0x08002534                DMA1_Channel2_IRQHandler
                0x08002534                TIM8_BRK_IRQHandler
                0x08002534                CAN1_SCE_IRQHandler
                0x08002534                FLASH_IRQHandler
                0x08002534                BusFault_Handler
                0x08002534                USART1_IRQHandler
                0x08002534                OTG_FS_IRQHandler
                0x08002534                SPI3_IRQHandler
                0x08002534                I2C1_ER_IRQHandler
                0x08002534                FMC_IRQHandler
                0x08002534                SWPMI1_IRQHandler
                0x08002534                LPTIM1_IRQHandler
                0x08002534                SAI1_IRQHandler
                0x08002534                DMA2_Channel3_IRQHandler
                0x08002534                TIM1_BRK_TIM15_IRQHandler
 *fill*         0x08002536        0x2 
 .text.__libc_init_array
                0x08002538       0x48 c:/ac6/systemworkbench/plugins/fr.ac6.mcu.externaltools.arm-none.win32_1.17.0.201812190825/tools/compiler/bin/../lib/gcc/arm-none-eabi/7.3.1/../../../../arm-none-eabi/lib/thumb/v7e-m/fpv4-sp/hard\libc_nano.a(lib_a-init.o)
                0x08002538                __libc_init_array
 *(.glue_7)
 .glue_7        0x08002580        0x0 linker stubs
 *(.glue_7t)
 .glue_7t       0x08002580        0x0 linker stubs
 *(.eh_frame)
 .eh_frame      0x08002580        0x0 c:/ac6/systemworkbench/plugins/fr.ac6.mcu.externaltools.arm-none.win32_1.17.0.201812190825/tools/compiler/bin/../lib/gcc/arm-none-eabi/7.3.1/thumb/v7e-m/fpv4-sp/hard/crtbegin.o
 *(.init)
 .init          0x08002580        0x4 c:/ac6/systemworkbench/plugins/fr.ac6.mcu.externaltools.arm-none.win32_1.17.0.201812190825/tools/compiler/bin/../lib/gcc/arm-none-eabi/7.3.1/thumb/v7e-m/fpv4-sp/hard/crti.o
                0x08002580                _init
 .init          0x08002584        0x8 c:/ac6/systemworkbench/plugins/fr.ac6.mcu.externaltools.arm-none.win32_1.17.0.201812190825/tools/compiler/bin/../lib/gcc/arm-none-eabi/7.3.1/thumb/v7e-m/fpv4-sp/hard/crtn.o
 *(.fini)
 .fini          0x0800258c        0x4 c:/ac6/systemworkbench/plugins/fr.ac6.mcu.externaltools.arm-none.win32_1.17.0.201812190825/tools/compiler/bin/../lib/gcc/arm-none-eabi/7.3.1/thumb/v7e-m/fpv4-sp/hard/crti.o
                0x0800258c                _fini
 .fini          0x08002590        0x8 c:/ac6/systemworkbench/plugins/fr.ac6.mcu.externaltools.arm-none.win32_1.17.0.201812190825/tools/compiler/bin/../lib/gcc/arm-none-eabi/7.3.1/thumb/v7e-m/fpv4-sp/hard/crtn.o
                0x08002598                . = ALIGN (0x8)
                0x08002598                _etext = .

.vfp11_veneer   0x08002598        0x0
 .vfp11_veneer  0x08002598        0x0 linker stubs

.v4_bx          0x08002598        0x0
 .v4_bx         0x08002598        0x0 linker stubs

.iplt           0x08002598        0x0
 .iplt          0x08002598        0x0 c:/ac6/systemworkbench/plugins/fr.ac6.mcu.externaltools.arm-none.win32_1.17.0.201812190825/tools/compiler/bin/../lib/gcc/arm-none-eabi/7.3.1/thumb/v7e-m/fpv4-sp/hard/crtbegin.o

.rodata         0x08002598       0xb0
                0x08002598                . = ALIGN (0x8)
 *(.rodata)
 .rodata        0x08002598       0x14 Src/main.o
 .rodata        0x080025ac       0x48 Src/system_stm32l4xx.o
                0x080025ac                MSIRangeTable
                0x080025dc                AHBPrescTable
                0x080025ec                APBPrescTable
 *(.rodata*)
 .rodata.str1.4
                0x080025f4        0x5 Middlewares/Third_Party/FreeRTOS/Source/tasks.o
 *fill*         0x080025f9        0x3 
 .rodata.str1.4
                0x080025fc       0x1c Src/main.o
 .rodata.str1.4
                0x08002618       0x14 Src/taskI2CManage.o
 .rodata.str1.4
                0x0800262c       0x18 Src/taskTimeManage.o
                                 0x15 (size before relaxing)
                0x08002648                . = ALIGN (0x8)
 *fill*         0x08002644        0x4 

.rel.dyn        0x08002648        0x0
 .rel.iplt      0x08002648        0x0 c:/ac6/systemworkbench/plugins/fr.ac6.mcu.externaltools.arm-none.win32_1.17.0.201812190825/tools/compiler/bin/../lib/gcc/arm-none-eabi/7.3.1/thumb/v7e-m/fpv4-sp/hard/crtbegin.o

.ARM.extab      0x08002648        0x0
                0x08002648                . = ALIGN (0x8)
 *(.ARM.extab* .gnu.linkonce.armextab.*)
                0x08002648                . = ALIGN (0x8)

.ARM            0x08002648        0x0
                0x08002648                . = ALIGN (0x8)
                0x08002648                __exidx_start = .
 *(.ARM.exidx*)
                0x08002648                __exidx_end = .
                0x08002648                . = ALIGN (0x8)

.preinit_array  0x08002648        0x0
                0x08002648                . = ALIGN (0x8)
                0x08002648                PROVIDE (__preinit_array_start = .)
 *(.preinit_array*)
                0x08002648                PROVIDE (__preinit_array_end = .)
                0x08002648                . = ALIGN (0x8)

.init_array     0x08002648        0x8
                0x08002648                . = ALIGN (0x8)
                0x08002648                PROVIDE (__init_array_start = .)
 *(SORT_BY_NAME(.init_array.*))
 *(.init_array*)
 .init_array    0x08002648        0x4 c:/ac6/systemworkbench/plugins/fr.ac6.mcu.externaltools.arm-none.win32_1.17.0.201812190825/tools/compiler/bin/../lib/gcc/arm-none-eabi/7.3.1/thumb/v7e-m/fpv4-sp/hard/crtbegin.o
                0x0800264c                PROVIDE (__init_array_end = .)
                0x08002650                . = ALIGN (0x8)
 *fill*         0x0800264c        0x4 

.fini_array     0x08002650        0x8
                0x08002650                . = ALIGN (0x8)
                [!provide]                PROVIDE (__fini_array_start = .)
 *(SORT_BY_NAME(.fini_array.*))
 *(.fini_array*)
 .fini_array    0x08002650        0x4 c:/ac6/systemworkbench/plugins/fr.ac6.mcu.externaltools.arm-none.win32_1.17.0.201812190825/tools/compiler/bin/../lib/gcc/arm-none-eabi/7.3.1/thumb/v7e-m/fpv4-sp/hard/crtbegin.o
                [!provide]                PROVIDE (__fini_array_end = .)
                0x08002658                . = ALIGN (0x8)
 *fill*         0x08002654        0x4 
                0x08002658                _sidata = LOADADDR (.data)

.data           0x20000000       0xd0 load address 0x08002658
                0x20000000                . = ALIGN (0x8)
                0x20000000                _sdata = .
 *(.data)
 .data          0x20000000        0x4 Middlewares/Third_Party/FreeRTOS/Source/portable/GCC/ARM_CM4F/port.o
 .data          0x20000004        0x4 Src/system_stm32l4xx.o
                0x20000004                SystemCoreClock
 .data          0x20000008       0xc1 Src/taskTimeManage.o
                0x20000008                WakeUpTimeHour
                0x20000038                SleepTimeHour
                0x20000068                SleepTimeMinutes
                0x20000098                WakeUpMinutes
                0x200000c8                test_flag
 *(.data*)
                0x200000d0                . = ALIGN (0x8)
 *fill*         0x200000c9        0x7 
                0x200000d0                _edata = .

.igot.plt       0x200000d0        0x0 load address 0x08002728
 .igot.plt      0x200000d0        0x0 c:/ac6/systemworkbench/plugins/fr.ac6.mcu.externaltools.arm-none.win32_1.17.0.201812190825/tools/compiler/bin/../lib/gcc/arm-none-eabi/7.3.1/thumb/v7e-m/fpv4-sp/hard/crtbegin.o
                0x200000d0                . = ALIGN (0x4)

.bss            0x200000d0     0x28e4 load address 0x08002728
                0x200000d0                _sbss = .
                0x200000d0                __bss_start__ = _sbss
 *(.bss)
 .bss           0x200000d0       0x1c c:/ac6/systemworkbench/plugins/fr.ac6.mcu.externaltools.arm-none.win32_1.17.0.201812190825/tools/compiler/bin/../lib/gcc/arm-none-eabi/7.3.1/thumb/v7e-m/fpv4-sp/hard/crtbegin.o
 .bss           0x200000ec      0x12c Middlewares/Third_Party/FreeRTOS/Source/tasks.o
                0x200001ec                pxCurrentTCB
 .bss           0x20000218        0x8 Middlewares/Third_Party/FreeRTOS/Source/portable/GCC/ARM_CM4F/port.o
 .bss           0x20000220     0x2728 Middlewares/Third_Party/FreeRTOS/Source/portable/MemMang/heap_4.o
 *(.bss*)
 *(COMMON)
 COMMON         0x20002948        0x4 Drivers/STM32L4xx_HAL_Driver/Src/stm32l4xx_hal.o
                0x20002948                uwTick
 COMMON         0x2000294c       0x28 Src/main.o
                0x2000294c                defaultTaskHandle
                0x20002950                hrtc
 COMMON         0x20002974       0x40 Src/stm32l4xx_hal_timebase_TIM.o
                0x20002974                htim1
                0x200029b4                . = ALIGN (0x4)
                0x200029b4                _ebss = .
                0x200029b4                __bss_end__ = _ebss

._user_heap_stack
                0x200029b4      0x604 load address 0x08002728
                0x200029b8                . = ALIGN (0x8)
 *fill*         0x200029b4        0x4 
                [!provide]                PROVIDE (end = .)
                [!provide]                PROVIDE (_end = .)
                0x20002bb8                . = (. + _Min_Heap_Size)
 *fill*         0x200029b8      0x200 
                0x20002fb8                . = (. + _Min_Stack_Size)
 *fill*         0x20002bb8      0x400 
                0x20002fb8                . = ALIGN (0x8)

/DISCARD/
 libc.a(*)
 libm.a(*)
 libgcc.a(*)

.ARM.attributes
                0x00000000       0x30
 *(.ARM.attributes)
 .ARM.attributes
                0x00000000       0x22 c:/ac6/systemworkbench/plugins/fr.ac6.mcu.externaltools.arm-none.win32_1.17.0.201812190825/tools/compiler/bin/../lib/gcc/arm-none-eabi/7.3.1/thumb/v7e-m/fpv4-sp/hard/crti.o
 .ARM.attributes
                0x00000022       0x34 c:/ac6/systemworkbench/plugins/fr.ac6.mcu.externaltools.arm-none.win32_1.17.0.201812190825/tools/compiler/bin/../lib/gcc/arm-none-eabi/7.3.1/thumb/v7e-m/fpv4-sp/hard/crtbegin.o
 .ARM.attributes
                0x00000056       0x39 Drivers/STM32L4xx_HAL_Driver/Src/stm32l4xx_hal.o
 .ARM.attributes
                0x0000008f       0x39 Drivers/STM32L4xx_HAL_Driver/Src/stm32l4xx_hal_cortex.o
 .ARM.attributes
                0x000000c8       0x39 Drivers/STM32L4xx_HAL_Driver/Src/stm32l4xx_hal_rcc.o
 .ARM.attributes
                0x00000101       0x39 Drivers/STM32L4xx_HAL_Driver/Src/stm32l4xx_hal_rtc.o
 .ARM.attributes
                0x0000013a       0x39 Drivers/STM32L4xx_HAL_Driver/Src/stm32l4xx_hal_rtc_ex.o
 .ARM.attributes
                0x00000173       0x39 Drivers/STM32L4xx_HAL_Driver/Src/stm32l4xx_hal_tim.o
 .ARM.attributes
                0x000001ac       0x39 Drivers/STM32L4xx_HAL_Driver/Src/stm32l4xx_hal_tim_ex.o
 .ARM.attributes
                0x000001e5       0x39 Drivers/STM32L4xx_HAL_Driver/Src/stm32l4xx_ll_exti.o
 .ARM.attributes
                0x0000021e       0x39 Drivers/STM32L4xx_HAL_Driver/Src/stm32l4xx_ll_gpio.o
 .ARM.attributes
                0x00000257       0x39 Drivers/STM32L4xx_HAL_Driver/Src/stm32l4xx_ll_utils.o
 .ARM.attributes
                0x00000290       0x39 Middlewares/Third_Party/FreeRTOS/Source/CMSIS_RTOS/cmsis_os.o
 .ARM.attributes
                0x000002c9       0x39 Middlewares/Third_Party/FreeRTOS/Source/list.o
 .ARM.attributes
                0x00000302       0x39 Middlewares/Third_Party/FreeRTOS/Source/tasks.o
 .ARM.attributes
                0x0000033b       0x39 Middlewares/Third_Party/FreeRTOS/Source/portable/GCC/ARM_CM4F/port.o
 .ARM.attributes
                0x00000374       0x39 Middlewares/Third_Party/FreeRTOS/Source/portable/MemMang/heap_4.o
 .ARM.attributes
                0x000003ad       0x39 Src/main.o
 .ARM.attributes
                0x000003e6       0x39 Src/rtc.o
 .ARM.attributes
                0x0000041f       0x39 Src/stm32l4xx_hal_msp.o
 .ARM.attributes
                0x00000458       0x39 Src/stm32l4xx_hal_timebase_TIM.o
 .ARM.attributes
                0x00000491       0x39 Src/stm32l4xx_it.o
 .ARM.attributes
                0x000004ca       0x39 Src/system_stm32l4xx.o
 .ARM.attributes
                0x00000503       0x39 Src/taskI2CManage.o
 .ARM.attributes
                0x0000053c       0x39 Src/taskTimeManage.o
 .ARM.attributes
                0x00000575       0x21 startup/startup_stm32l476xx.o
 .ARM.attributes
                0x00000596       0x34 c:/ac6/systemworkbench/plugins/fr.ac6.mcu.externaltools.arm-none.win32_1.17.0.201812190825/tools/compiler/bin/../lib/gcc/arm-none-eabi/7.3.1/../../../../arm-none-eabi/lib/thumb/v7e-m/fpv4-sp/hard\libc_nano.a(lib_a-init.o)
 .ARM.attributes
                0x000005ca       0x22 c:/ac6/systemworkbench/plugins/fr.ac6.mcu.externaltools.arm-none.win32_1.17.0.201812190825/tools/compiler/bin/../lib/gcc/arm-none-eabi/7.3.1/thumb/v7e-m/fpv4-sp/hard/crtn.o
OUTPUT(L4FreeRTOS.elf elf32-littlearm)

.debug_info     0x00000000    0x22e6a
 .debug_info    0x00000000     0x144c Drivers/STM32L4xx_HAL_Driver/Src/stm32l4xx_hal.o
 .debug_info    0x0000144c     0x172c Drivers/STM32L4xx_HAL_Driver/Src/stm32l4xx_hal_cortex.o
 .debug_info    0x00002b78     0x15ca Drivers/STM32L4xx_HAL_Driver/Src/stm32l4xx_hal_rcc.o
 .debug_info    0x00004142     0x17dd Drivers/STM32L4xx_HAL_Driver/Src/stm32l4xx_hal_rtc.o
 .debug_info    0x0000591f     0x1a9b Drivers/STM32L4xx_HAL_Driver/Src/stm32l4xx_hal_rtc_ex.o
 .debug_info    0x000073ba     0x37ff Drivers/STM32L4xx_HAL_Driver/Src/stm32l4xx_hal_tim.o
 .debug_info    0x0000abb9     0x1d57 Drivers/STM32L4xx_HAL_Driver/Src/stm32l4xx_hal_tim_ex.o
 .debug_info    0x0000c910     0x1032 Drivers/STM32L4xx_HAL_Driver/Src/stm32l4xx_ll_exti.o
 .debug_info    0x0000d942     0x13f3 Drivers/STM32L4xx_HAL_Driver/Src/stm32l4xx_ll_gpio.o
 .debug_info    0x0000ed35     0x1727 Drivers/STM32L4xx_HAL_Driver/Src/stm32l4xx_ll_utils.o
 .debug_info    0x0001045c     0x23c1 Middlewares/Third_Party/FreeRTOS/Source/CMSIS_RTOS/cmsis_os.o
 .debug_info    0x0001281d      0xb9c Middlewares/Third_Party/FreeRTOS/Source/list.o
 .debug_info    0x000133b9     0x29c9 Middlewares/Third_Party/FreeRTOS/Source/tasks.o
 .debug_info    0x00015d82      0xdff Middlewares/Third_Party/FreeRTOS/Source/portable/GCC/ARM_CM4F/port.o
 .debug_info    0x00016b81      0xd2a Middlewares/Third_Party/FreeRTOS/Source/portable/MemMang/heap_4.o
 .debug_info    0x000178ab     0x2c6b Src/main.o
 .debug_info    0x0001a516     0x1248 Src/rtc.o
 .debug_info    0x0001b75e     0x1317 Src/stm32l4xx_hal_msp.o
 .debug_info    0x0001ca75     0x14a0 Src/stm32l4xx_hal_timebase_TIM.o
 .debug_info    0x0001df15      0xec9 Src/stm32l4xx_it.o
 .debug_info    0x0001edde      0xe0b Src/system_stm32l4xx.o
 .debug_info    0x0001fbe9     0x1ff6 Src/taskI2CManage.o
 .debug_info    0x00021bdf     0x1269 Src/taskTimeManage.o
 .debug_info    0x00022e48       0x22 startup/startup_stm32l476xx.o

.debug_abbrev   0x00000000     0x44a8
 .debug_abbrev  0x00000000      0x2fd Drivers/STM32L4xx_HAL_Driver/Src/stm32l4xx_hal.o
 .debug_abbrev  0x000002fd      0x3c9 Drivers/STM32L4xx_HAL_Driver/Src/stm32l4xx_hal_cortex.o
 .debug_abbrev  0x000006c6      0x319 Drivers/STM32L4xx_HAL_Driver/Src/stm32l4xx_hal_rcc.o
 .debug_abbrev  0x000009df      0x2c6 Drivers/STM32L4xx_HAL_Driver/Src/stm32l4xx_hal_rtc.o
 .debug_abbrev  0x00000ca5      0x2d5 Drivers/STM32L4xx_HAL_Driver/Src/stm32l4xx_hal_rtc_ex.o
 .debug_abbrev  0x00000f7a      0x2ef Drivers/STM32L4xx_HAL_Driver/Src/stm32l4xx_hal_tim.o
 .debug_abbrev  0x00001269      0x2ef Drivers/STM32L4xx_HAL_Driver/Src/stm32l4xx_hal_tim_ex.o
 .debug_abbrev  0x00001558      0x2be Drivers/STM32L4xx_HAL_Driver/Src/stm32l4xx_ll_exti.o
 .debug_abbrev  0x00001816      0x2e8 Drivers/STM32L4xx_HAL_Driver/Src/stm32l4xx_ll_gpio.o
 .debug_abbrev  0x00001afe      0x32b Drivers/STM32L4xx_HAL_Driver/Src/stm32l4xx_ll_utils.o
 .debug_abbrev  0x00001e29      0x3ea Middlewares/Third_Party/FreeRTOS/Source/CMSIS_RTOS/cmsis_os.o
 .debug_abbrev  0x00002213      0x232 Middlewares/Third_Party/FreeRTOS/Source/list.o
 .debug_abbrev  0x00002445      0x3de Middlewares/Third_Party/FreeRTOS/Source/tasks.o
 .debug_abbrev  0x00002823      0x345 Middlewares/Third_Party/FreeRTOS/Source/portable/GCC/ARM_CM4F/port.o
 .debug_abbrev  0x00002b68      0x32e Middlewares/Third_Party/FreeRTOS/Source/portable/MemMang/heap_4.o
 .debug_abbrev  0x00002e96      0x435 Src/main.o
 .debug_abbrev  0x000032cb      0x263 Src/rtc.o
 .debug_abbrev  0x0000352e      0x252 Src/stm32l4xx_hal_msp.o
 .debug_abbrev  0x00003780      0x2a8 Src/stm32l4xx_hal_timebase_TIM.o
 .debug_abbrev  0x00003a28      0x218 Src/stm32l4xx_it.o
 .debug_abbrev  0x00003c40      0x237 Src/system_stm32l4xx.o
 .debug_abbrev  0x00003e77      0x315 Src/taskI2CManage.o
 .debug_abbrev  0x0000418c      0x30a Src/taskTimeManage.o
 .debug_abbrev  0x00004496       0x12 startup/startup_stm32l476xx.o

.debug_loc      0x00000000     0xbf7b
 .debug_loc     0x00000000       0xf8 Drivers/STM32L4xx_HAL_Driver/Src/stm32l4xx_hal.o
 .debug_loc     0x000000f8      0x5ad Drivers/STM32L4xx_HAL_Driver/Src/stm32l4xx_hal_cortex.o
 .debug_loc     0x000006a5      0x5ca Drivers/STM32L4xx_HAL_Driver/Src/stm32l4xx_hal_rcc.o
 .debug_loc     0x00000c6f      0xb77 Drivers/STM32L4xx_HAL_Driver/Src/stm32l4xx_hal_rtc.o
 .debug_loc     0x000017e6      0xd17 Drivers/STM32L4xx_HAL_Driver/Src/stm32l4xx_hal_rtc_ex.o
 .debug_loc     0x000024fd     0x381c Drivers/STM32L4xx_HAL_Driver/Src/stm32l4xx_hal_tim.o
 .debug_loc     0x00005d19     0x16ba Drivers/STM32L4xx_HAL_Driver/Src/stm32l4xx_hal_tim_ex.o
 .debug_loc     0x000073d3      0x45c Drivers/STM32L4xx_HAL_Driver/Src/stm32l4xx_ll_exti.o
 .debug_loc     0x0000782f      0x530 Drivers/STM32L4xx_HAL_Driver/Src/stm32l4xx_ll_gpio.o
 .debug_loc     0x00007d5f      0x77f Drivers/STM32L4xx_HAL_Driver/Src/stm32l4xx_ll_utils.o
 .debug_loc     0x000084de      0xee1 Middlewares/Third_Party/FreeRTOS/Source/CMSIS_RTOS/cmsis_os.o
 .debug_loc     0x000093bf       0x70 Middlewares/Third_Party/FreeRTOS/Source/list.o
 .debug_loc     0x0000942f     0x11ef Middlewares/Third_Party/FreeRTOS/Source/tasks.o
 .debug_loc     0x0000a61e       0xdc Middlewares/Third_Party/FreeRTOS/Source/portable/GCC/ARM_CM4F/port.o
 .debug_loc     0x0000a6fa      0x291 Middlewares/Third_Party/FreeRTOS/Source/portable/MemMang/heap_4.o
 .debug_loc     0x0000a98b      0x3f4 Src/main.o
 .debug_loc     0x0000ad7f       0xfb Src/rtc.o
 .debug_loc     0x0000ae7a       0x79 Src/stm32l4xx_hal_timebase_TIM.o
 .debug_loc     0x0000aef3      0x1b8 Src/system_stm32l4xx.o
 .debug_loc     0x0000b0ab      0xbcd Src/taskI2CManage.o
 .debug_loc     0x0000bc78      0x303 Src/taskTimeManage.o

.debug_aranges  0x00000000      0xff8
 .debug_aranges
                0x00000000      0x118 Drivers/STM32L4xx_HAL_Driver/Src/stm32l4xx_hal.o
 .debug_aranges
                0x00000118       0x98 Drivers/STM32L4xx_HAL_Driver/Src/stm32l4xx_hal_cortex.o
 .debug_aranges
                0x000001b0       0x88 Drivers/STM32L4xx_HAL_Driver/Src/stm32l4xx_hal_rcc.o
 .debug_aranges
                0x00000238       0xb8 Drivers/STM32L4xx_HAL_Driver/Src/stm32l4xx_hal_rtc.o
 .debug_aranges
                0x000002f0      0x140 Drivers/STM32L4xx_HAL_Driver/Src/stm32l4xx_hal_rtc_ex.o
 .debug_aranges
                0x00000430      0x378 Drivers/STM32L4xx_HAL_Driver/Src/stm32l4xx_hal_tim.o
 .debug_aranges
                0x000007a8      0x150 Drivers/STM32L4xx_HAL_Driver/Src/stm32l4xx_hal_tim_ex.o
 .debug_aranges
                0x000008f8       0x30 Drivers/STM32L4xx_HAL_Driver/Src/stm32l4xx_ll_exti.o
 .debug_aranges
                0x00000928       0x30 Drivers/STM32L4xx_HAL_Driver/Src/stm32l4xx_ll_gpio.o
 .debug_aranges
                0x00000958       0x68 Drivers/STM32L4xx_HAL_Driver/Src/stm32l4xx_ll_utils.o
 .debug_aranges
                0x000009c0      0x1d8 Middlewares/Third_Party/FreeRTOS/Source/CMSIS_RTOS/cmsis_os.o
 .debug_aranges
                0x00000b98       0x40 Middlewares/Third_Party/FreeRTOS/Source/list.o
 .debug_aranges
                0x00000bd8      0x190 Middlewares/Third_Party/FreeRTOS/Source/tasks.o
 .debug_aranges
                0x00000d68       0x80 Middlewares/Third_Party/FreeRTOS/Source/portable/GCC/ARM_CM4F/port.o
 .debug_aranges
                0x00000de8       0x50 Middlewares/Third_Party/FreeRTOS/Source/portable/MemMang/heap_4.o
 .debug_aranges
                0x00000e38       0x50 Src/main.o
 .debug_aranges
                0x00000e88       0x20 Src/rtc.o
 .debug_aranges
                0x00000ea8       0x30 Src/stm32l4xx_hal_msp.o
 .debug_aranges
                0x00000ed8       0x30 Src/stm32l4xx_hal_timebase_TIM.o
 .debug_aranges
                0x00000f08       0x28 Src/stm32l4xx_it.o
 .debug_aranges
                0x00000f30       0x28 Src/system_stm32l4xx.o
 .debug_aranges
                0x00000f58       0x40 Src/taskI2CManage.o
 .debug_aranges
                0x00000f98       0x38 Src/taskTimeManage.o
 .debug_aranges
                0x00000fd0       0x28 startup/startup_stm32l476xx.o

.debug_ranges   0x00000000      0xf80
 .debug_ranges  0x00000000      0x108 Drivers/STM32L4xx_HAL_Driver/Src/stm32l4xx_hal.o
 .debug_ranges  0x00000108       0xe8 Drivers/STM32L4xx_HAL_Driver/Src/stm32l4xx_hal_cortex.o
 .debug_ranges  0x000001f0       0x90 Drivers/STM32L4xx_HAL_Driver/Src/stm32l4xx_hal_rcc.o
 .debug_ranges  0x00000280       0xa8 Drivers/STM32L4xx_HAL_Driver/Src/stm32l4xx_hal_rtc.o
 .debug_ranges  0x00000328      0x130 Drivers/STM32L4xx_HAL_Driver/Src/stm32l4xx_hal_rtc_ex.o
 .debug_ranges  0x00000458      0x368 Drivers/STM32L4xx_HAL_Driver/Src/stm32l4xx_hal_tim.o
 .debug_ranges  0x000007c0      0x140 Drivers/STM32L4xx_HAL_Driver/Src/stm32l4xx_hal_tim_ex.o
 .debug_ranges  0x00000900       0x20 Drivers/STM32L4xx_HAL_Driver/Src/stm32l4xx_ll_exti.o
 .debug_ranges  0x00000920       0x20 Drivers/STM32L4xx_HAL_Driver/Src/stm32l4xx_ll_gpio.o
 .debug_ranges  0x00000940       0x58 Drivers/STM32L4xx_HAL_Driver/Src/stm32l4xx_ll_utils.o
 .debug_ranges  0x00000998      0x1c8 Middlewares/Third_Party/FreeRTOS/Source/CMSIS_RTOS/cmsis_os.o
 .debug_ranges  0x00000b60       0x30 Middlewares/Third_Party/FreeRTOS/Source/list.o
 .debug_ranges  0x00000b90      0x1f0 Middlewares/Third_Party/FreeRTOS/Source/tasks.o
 .debug_ranges  0x00000d80       0x70 Middlewares/Third_Party/FreeRTOS/Source/portable/GCC/ARM_CM4F/port.o
 .debug_ranges  0x00000df0       0x40 Middlewares/Third_Party/FreeRTOS/Source/portable/MemMang/heap_4.o
 .debug_ranges  0x00000e30       0x58 Src/main.o
 .debug_ranges  0x00000e88       0x10 Src/rtc.o
 .debug_ranges  0x00000e98       0x20 Src/stm32l4xx_hal_msp.o
 .debug_ranges  0x00000eb8       0x20 Src/stm32l4xx_hal_timebase_TIM.o
 .debug_ranges  0x00000ed8       0x18 Src/stm32l4xx_it.o
 .debug_ranges  0x00000ef0       0x18 Src/system_stm32l4xx.o
 .debug_ranges  0x00000f08       0x30 Src/taskI2CManage.o
 .debug_ranges  0x00000f38       0x28 Src/taskTimeManage.o
 .debug_ranges  0x00000f60       0x20 startup/startup_stm32l476xx.o

.debug_macro    0x00000000    0x2db80
 .debug_macro   0x00000000      0x3f8 Drivers/STM32L4xx_HAL_Driver/Src/stm32l4xx_hal.o
 .debug_macro   0x000003f8      0xa66 Drivers/STM32L4xx_HAL_Driver/Src/stm32l4xx_hal.o
 .debug_macro   0x00000e5e       0x2e Drivers/STM32L4xx_HAL_Driver/Src/stm32l4xx_hal.o
 .debug_macro   0x00000e8c       0x28 Drivers/STM32L4xx_HAL_Driver/Src/stm32l4xx_hal.o
 .debug_macro   0x00000eb4       0x22 Drivers/STM32L4xx_HAL_Driver/Src/stm32l4xx_hal.o
 .debug_macro   0x00000ed6       0x8e Drivers/STM32L4xx_HAL_Driver/Src/stm32l4xx_hal.o
 .debug_macro   0x00000f64       0x51 Drivers/STM32L4xx_HAL_Driver/Src/stm32l4xx_hal.o
 .debug_macro   0x00000fb5       0xef Drivers/STM32L4xx_HAL_Driver/Src/stm32l4xx_hal.o
 .debug_macro   0x000010a4       0x6a Drivers/STM32L4xx_HAL_Driver/Src/stm32l4xx_hal.o
 .debug_macro   0x0000110e      0x1df Drivers/STM32L4xx_HAL_Driver/Src/stm32l4xx_hal.o
 .debug_macro   0x000012ed       0x35 Drivers/STM32L4xx_HAL_Driver/Src/stm32l4xx_hal.o
 .debug_macro   0x00001322       0x50 Drivers/STM32L4xx_HAL_Driver/Src/stm32l4xx_hal.o
 .debug_macro   0x00001372      0xe66 Drivers/STM32L4xx_HAL_Driver/Src/stm32l4xx_hal.o
 .debug_macro   0x000021d8    0x1a1c4 Drivers/STM32L4xx_HAL_Driver/Src/stm32l4xx_hal.o
 .debug_macro   0x0001c39c       0x43 Drivers/STM32L4xx_HAL_Driver/Src/stm32l4xx_hal.o
 .debug_macro   0x0001c3df      0x24f Drivers/STM32L4xx_HAL_Driver/Src/stm32l4xx_hal.o
 .debug_macro   0x0001c62e      0x724 Drivers/STM32L4xx_HAL_Driver/Src/stm32l4xx_hal.o
 .debug_macro   0x0001cd52      0x1c2 Drivers/STM32L4xx_HAL_Driver/Src/stm32l4xx_hal.o
 .debug_macro   0x0001cf14      0x2fb Drivers/STM32L4xx_HAL_Driver/Src/stm32l4xx_hal.o
 .debug_macro   0x0001d20f      0x16a Drivers/STM32L4xx_HAL_Driver/Src/stm32l4xx_hal.o
 .debug_macro   0x0001d379      0x1b2 Drivers/STM32L4xx_HAL_Driver/Src/stm32l4xx_hal.o
 .debug_macro   0x0001d52b       0xa7 Drivers/STM32L4xx_HAL_Driver/Src/stm32l4xx_hal.o
 .debug_macro   0x0001d5d2      0x1ff Drivers/STM32L4xx_HAL_Driver/Src/stm32l4xx_hal.o
 .debug_macro   0x0001d7d1      0x2cb Drivers/STM32L4xx_HAL_Driver/Src/stm32l4xx_hal.o
 .debug_macro   0x0001da9c      0x172 Drivers/STM32L4xx_HAL_Driver/Src/stm32l4xx_hal.o
 .debug_macro   0x0001dc0e       0x5e Drivers/STM32L4xx_HAL_Driver/Src/stm32l4xx_hal.o
 .debug_macro   0x0001dc6c       0x99 Drivers/STM32L4xx_HAL_Driver/Src/stm32l4xx_hal.o
 .debug_macro   0x0001dd05     0x36a8 Drivers/STM32L4xx_HAL_Driver/Src/stm32l4xx_hal.o
 .debug_macro   0x000213ad       0x5e Drivers/STM32L4xx_HAL_Driver/Src/stm32l4xx_hal.o
 .debug_macro   0x0002140b       0x18 Drivers/STM32L4xx_HAL_Driver/Src/stm32l4xx_hal.o
 .debug_macro   0x00021423       0x35 Drivers/STM32L4xx_HAL_Driver/Src/stm32l4xx_hal.o
 .debug_macro   0x00021458       0x34 Drivers/STM32L4xx_HAL_Driver/Src/stm32l4xx_hal.o
 .debug_macro   0x0002148c       0x16 Drivers/STM32L4xx_HAL_Driver/Src/stm32l4xx_hal.o
 .debug_macro   0x000214a2       0x97 Drivers/STM32L4xx_HAL_Driver/Src/stm32l4xx_hal.o
 .debug_macro   0x00021539      0x330 Drivers/STM32L4xx_HAL_Driver/Src/stm32l4xx_hal.o
 .debug_macro   0x00021869       0xfd Drivers/STM32L4xx_HAL_Driver/Src/stm32l4xx_hal.o
 .debug_macro   0x00021966       0x10 Drivers/STM32L4xx_HAL_Driver/Src/stm32l4xx_hal.o
 .debug_macro   0x00021976       0x58 Drivers/STM32L4xx_HAL_Driver/Src/stm32l4xx_hal.o
 .debug_macro   0x000219ce       0x1f Drivers/STM32L4xx_HAL_Driver/Src/stm32l4xx_hal.o
 .debug_macro   0x000219ed       0x43 Drivers/STM32L4xx_HAL_Driver/Src/stm32l4xx_hal.o
 .debug_macro   0x00021a30       0x20 Drivers/STM32L4xx_HAL_Driver/Src/stm32l4xx_hal.o
 .debug_macro   0x00021a50      0x18e Drivers/STM32L4xx_HAL_Driver/Src/stm32l4xx_hal.o
 .debug_macro   0x00021bde       0x10 Drivers/STM32L4xx_HAL_Driver/Src/stm32l4xx_hal.o
 .debug_macro   0x00021bee       0x1c Drivers/STM32L4xx_HAL_Driver/Src/stm32l4xx_hal.o
 .debug_macro   0x00021c0a       0x52 Drivers/STM32L4xx_HAL_Driver/Src/stm32l4xx_hal.o
 .debug_macro   0x00021c5c       0x40 Drivers/STM32L4xx_HAL_Driver/Src/stm32l4xx_hal.o
 .debug_macro   0x00021c9c       0x10 Drivers/STM32L4xx_HAL_Driver/Src/stm32l4xx_hal.o
 .debug_macro   0x00021cac       0x40 Drivers/STM32L4xx_HAL_Driver/Src/stm32l4xx_hal.o
 .debug_macro   0x00021cec       0xd7 Drivers/STM32L4xx_HAL_Driver/Src/stm32l4xx_hal.o
 .debug_macro   0x00021dc3       0x1c Drivers/STM32L4xx_HAL_Driver/Src/stm32l4xx_hal.o
 .debug_macro   0x00021ddf       0x3d Drivers/STM32L4xx_HAL_Driver/Src/stm32l4xx_hal.o
 .debug_macro   0x00021e1c       0x16 Drivers/STM32L4xx_HAL_Driver/Src/stm32l4xx_hal.o
 .debug_macro   0x00021e32      0x16f Drivers/STM32L4xx_HAL_Driver/Src/stm32l4xx_hal.o
 .debug_macro   0x00021fa1       0x50 Drivers/STM32L4xx_HAL_Driver/Src/stm32l4xx_hal.o
 .debug_macro   0x00021ff1     0x1566 Drivers/STM32L4xx_HAL_Driver/Src/stm32l4xx_hal.o
 .debug_macro   0x00023557      0x59e Drivers/STM32L4xx_HAL_Driver/Src/stm32l4xx_hal.o
 .debug_macro   0x00023af5      0x148 Drivers/STM32L4xx_HAL_Driver/Src/stm32l4xx_hal.o
 .debug_macro   0x00023c3d      0x18b Drivers/STM32L4xx_HAL_Driver/Src/stm32l4xx_hal.o
 .debug_macro   0x00023dc8      0x26b Drivers/STM32L4xx_HAL_Driver/Src/stm32l4xx_hal.o
 .debug_macro   0x00024033      0x23a Drivers/STM32L4xx_HAL_Driver/Src/stm32l4xx_hal.o
 .debug_macro   0x0002426d      0x367 Drivers/STM32L4xx_HAL_Driver/Src/stm32l4xx_hal.o
 .debug_macro   0x000245d4       0x10 Drivers/STM32L4xx_HAL_Driver/Src/stm32l4xx_hal.o
 .debug_macro   0x000245e4       0xe4 Drivers/STM32L4xx_HAL_Driver/Src/stm32l4xx_hal.o
 .debug_macro   0x000246c8      0x202 Drivers/STM32L4xx_HAL_Driver/Src/stm32l4xx_hal.o
 .debug_macro   0x000248ca       0x61 Drivers/STM32L4xx_HAL_Driver/Src/stm32l4xx_hal.o
 .debug_macro   0x0002492b       0x90 Drivers/STM32L4xx_HAL_Driver/Src/stm32l4xx_hal.o
 .debug_macro   0x000249bb      0x126 Drivers/STM32L4xx_HAL_Driver/Src/stm32l4xx_hal.o
 .debug_macro   0x00024ae1      0x3db Drivers/STM32L4xx_HAL_Driver/Src/stm32l4xx_hal.o
 .debug_macro   0x00024ebc      0x321 Drivers/STM32L4xx_HAL_Driver/Src/stm32l4xx_hal.o
 .debug_macro   0x000251dd      0x4cc Drivers/STM32L4xx_HAL_Driver/Src/stm32l4xx_hal.o
 .debug_macro   0x000256a9       0xdd Drivers/STM32L4xx_HAL_Driver/Src/stm32l4xx_hal.o
 .debug_macro   0x00025786      0x9f0 Drivers/STM32L4xx_HAL_Driver/Src/stm32l4xx_hal.o
 .debug_macro   0x00026176      0x1ed Drivers/STM32L4xx_HAL_Driver/Src/stm32l4xx_hal.o
 .debug_macro   0x00026363      0x325 Drivers/STM32L4xx_HAL_Driver/Src/stm32l4xx_hal.o
 .debug_macro   0x00026688      0x3aa Drivers/STM32L4xx_HAL_Driver/Src/stm32l4xx_hal_cortex.o
 .debug_macro   0x00026a32      0x3ec Drivers/STM32L4xx_HAL_Driver/Src/stm32l4xx_hal_rcc.o
 .debug_macro   0x00026e1e      0x3aa Drivers/STM32L4xx_HAL_Driver/Src/stm32l4xx_hal_rtc.o
 .debug_macro   0x000271c8      0x3b1 Drivers/STM32L4xx_HAL_Driver/Src/stm32l4xx_hal_rtc_ex.o
 .debug_macro   0x00027579      0x3aa Drivers/STM32L4xx_HAL_Driver/Src/stm32l4xx_hal_tim.o
 .debug_macro   0x00027923      0x3bc Drivers/STM32L4xx_HAL_Driver/Src/stm32l4xx_hal_tim_ex.o
 .debug_macro   0x00027cdf      0x3d2 Drivers/STM32L4xx_HAL_Driver/Src/stm32l4xx_ll_exti.o
 .debug_macro   0x000280b1      0x164 Drivers/STM32L4xx_HAL_Driver/Src/stm32l4xx_ll_exti.o
 .debug_macro   0x00028215      0x3de Drivers/STM32L4xx_HAL_Driver/Src/stm32l4xx_ll_gpio.o
 .debug_macro   0x000285f3      0x16c Drivers/STM32L4xx_HAL_Driver/Src/stm32l4xx_ll_gpio.o
 .debug_macro   0x0002875f      0x45d Drivers/STM32L4xx_HAL_Driver/Src/stm32l4xx_ll_utils.o
 .debug_macro   0x00028bbc       0xa1 Drivers/STM32L4xx_HAL_Driver/Src/stm32l4xx_ll_utils.o
 .debug_macro   0x00028c5d      0x49d Middlewares/Third_Party/FreeRTOS/Source/CMSIS_RTOS/cmsis_os.o
 .debug_macro   0x000290fa       0x58 Middlewares/Third_Party/FreeRTOS/Source/CMSIS_RTOS/cmsis_os.o
 .debug_macro   0x00029152       0x94 Middlewares/Third_Party/FreeRTOS/Source/CMSIS_RTOS/cmsis_os.o
 .debug_macro   0x000291e6      0x174 Middlewares/Third_Party/FreeRTOS/Source/CMSIS_RTOS/cmsis_os.o
 .debug_macro   0x0002935a       0x57 Middlewares/Third_Party/FreeRTOS/Source/CMSIS_RTOS/cmsis_os.o
 .debug_macro   0x000293b1       0x10 Middlewares/Third_Party/FreeRTOS/Source/CMSIS_RTOS/cmsis_os.o
 .debug_macro   0x000293c1       0x35 Middlewares/Third_Party/FreeRTOS/Source/CMSIS_RTOS/cmsis_os.o
 .debug_macro   0x000293f6       0x3b Middlewares/Third_Party/FreeRTOS/Source/CMSIS_RTOS/cmsis_os.o
 .debug_macro   0x00029431       0xb4 Middlewares/Third_Party/FreeRTOS/Source/CMSIS_RTOS/cmsis_os.o
 .debug_macro   0x000294e5       0x1c Middlewares/Third_Party/FreeRTOS/Source/CMSIS_RTOS/cmsis_os.o
 .debug_macro   0x00029501      0x708 Middlewares/Third_Party/FreeRTOS/Source/CMSIS_RTOS/cmsis_os.o
 .debug_macro   0x00029c09       0xd2 Middlewares/Third_Party/FreeRTOS/Source/CMSIS_RTOS/cmsis_os.o
 .debug_macro   0x00029cdb      0x168 Middlewares/Third_Party/FreeRTOS/Source/CMSIS_RTOS/cmsis_os.o
 .debug_macro   0x00029e43       0xe4 Middlewares/Third_Party/FreeRTOS/Source/CMSIS_RTOS/cmsis_os.o
 .debug_macro   0x00029f27       0x10 Middlewares/Third_Party/FreeRTOS/Source/CMSIS_RTOS/cmsis_os.o
 .debug_macro   0x00029f37       0x1f Middlewares/Third_Party/FreeRTOS/Source/CMSIS_RTOS/cmsis_os.o
 .debug_macro   0x00029f56      0x40f Middlewares/Third_Party/FreeRTOS/Source/CMSIS_RTOS/cmsis_os.o
 .debug_macro   0x0002a365       0xc0 Middlewares/Third_Party/FreeRTOS/Source/CMSIS_RTOS/cmsis_os.o
 .debug_macro   0x0002a425       0x8c Middlewares/Third_Party/FreeRTOS/Source/CMSIS_RTOS/cmsis_os.o
 .debug_macro   0x0002a4b1       0x91 Middlewares/Third_Party/FreeRTOS/Source/CMSIS_RTOS/cmsis_os.o
 .debug_macro   0x0002a542       0x94 Middlewares/Third_Party/FreeRTOS/Source/CMSIS_RTOS/cmsis_os.o
 .debug_macro   0x0002a5d6       0x63 Middlewares/Third_Party/FreeRTOS/Source/CMSIS_RTOS/cmsis_os.o
 .debug_macro   0x0002a639       0x19 Middlewares/Third_Party/FreeRTOS/Source/CMSIS_RTOS/cmsis_os.o
 .debug_macro   0x0002a652       0xcf Middlewares/Third_Party/FreeRTOS/Source/CMSIS_RTOS/cmsis_os.o
 .debug_macro   0x0002a721      0x430 Middlewares/Third_Party/FreeRTOS/Source/list.o
 .debug_macro   0x0002ab51      0x519 Middlewares/Third_Party/FreeRTOS/Source/tasks.o
 .debug_macro   0x0002b06a       0x11 Middlewares/Third_Party/FreeRTOS/Source/tasks.o
 .debug_macro   0x0002b07b      0x4e4 Middlewares/Third_Party/FreeRTOS/Source/portable/GCC/ARM_CM4F/port.o
 .debug_macro   0x0002b55f      0x457 Middlewares/Third_Party/FreeRTOS/Source/portable/MemMang/heap_4.o
 .debug_macro   0x0002b9b6      0x476 Src/main.o
 .debug_macro   0x0002be2c       0xd8 Src/main.o
 .debug_macro   0x0002bf04      0x417 Src/rtc.o
 .debug_macro   0x0002c31b       0x16 Src/rtc.o
 .debug_macro   0x0002c331       0x10 Src/rtc.o
 .debug_macro   0x0002c341       0x10 Src/rtc.o
 .debug_macro   0x0002c351       0x35 Src/rtc.o
 .debug_macro   0x0002c386      0x3aa Src/stm32l4xx_hal_msp.o
 .debug_macro   0x0002c730      0x3aa Src/stm32l4xx_hal_timebase_TIM.o
 .debug_macro   0x0002cada      0x468 Src/stm32l4xx_it.o
 .debug_macro   0x0002cf42      0x3b1 Src/system_stm32l4xx.o
 .debug_macro   0x0002d2f3      0x421 Src/taskI2CManage.o
 .debug_macro   0x0002d714      0x46c Src/taskTimeManage.o

.debug_line     0x00000000    0x12cfa
 .debug_line    0x00000000      0xb80 Drivers/STM32L4xx_HAL_Driver/Src/stm32l4xx_hal.o
 .debug_line    0x00000b80      0xb28 Drivers/STM32L4xx_HAL_Driver/Src/stm32l4xx_hal_cortex.o
 .debug_line    0x000016a8      0xc76 Drivers/STM32L4xx_HAL_Driver/Src/stm32l4xx_hal_rcc.o
 .debug_line    0x0000231e      0xd05 Drivers/STM32L4xx_HAL_Driver/Src/stm32l4xx_hal_rtc.o
 .debug_line    0x00003023     0x108b Drivers/STM32L4xx_HAL_Driver/Src/stm32l4xx_hal_rtc_ex.o
 .debug_line    0x000040ae     0x1b6e Drivers/STM32L4xx_HAL_Driver/Src/stm32l4xx_hal_tim.o
 .debug_line    0x00005c1c      0xfbb Drivers/STM32L4xx_HAL_Driver/Src/stm32l4xx_hal_tim_ex.o
 .debug_line    0x00006bd7      0xae1 Drivers/STM32L4xx_HAL_Driver/Src/stm32l4xx_ll_exti.o
 .debug_line    0x000076b8      0xac1 Drivers/STM32L4xx_HAL_Driver/Src/stm32l4xx_ll_gpio.o
 .debug_line    0x00008179      0xbbd Drivers/STM32L4xx_HAL_Driver/Src/stm32l4xx_ll_utils.o
 .debug_line    0x00008d36     0x113e Middlewares/Third_Party/FreeRTOS/Source/CMSIS_RTOS/cmsis_os.o
 .debug_line    0x00009e74      0xb26 Middlewares/Third_Party/FreeRTOS/Source/list.o
 .debug_line    0x0000a99a     0x13c2 Middlewares/Third_Party/FreeRTOS/Source/tasks.o
 .debug_line    0x0000bd5c      0xc22 Middlewares/Third_Party/FreeRTOS/Source/portable/GCC/ARM_CM4F/port.o
 .debug_line    0x0000c97e      0xbd9 Middlewares/Third_Party/FreeRTOS/Source/portable/MemMang/heap_4.o
 .debug_line    0x0000d557      0xd2c Src/main.o
 .debug_line    0x0000e283      0x9ba Src/rtc.o
 .debug_line    0x0000ec3d      0x959 Src/stm32l4xx_hal_msp.o
 .debug_line    0x0000f596      0x95b Src/stm32l4xx_hal_timebase_TIM.o
 .debug_line    0x0000fef1      0xb42 Src/stm32l4xx_it.o
 .debug_line    0x00010a33      0x964 Src/system_stm32l4xx.o
 .debug_line    0x00011397      0xd6d Src/taskI2CManage.o
 .debug_line    0x00012104      0xb77 Src/taskTimeManage.o
 .debug_line    0x00012c7b       0x7f startup/startup_stm32l476xx.o

.debug_str      0x00000000   0x103793
 .debug_str     0x00000000    0xf4e70 Drivers/STM32L4xx_HAL_Driver/Src/stm32l4xx_hal.o
                              0xf5fb9 (size before relaxing)
 .debug_str     0x000f4e70      0x362 Drivers/STM32L4xx_HAL_Driver/Src/stm32l4xx_hal_cortex.o
                              0xf5c35 (size before relaxing)
 .debug_str     0x000f51d2      0x5d1 Drivers/STM32L4xx_HAL_Driver/Src/stm32l4xx_hal_rcc.o
                              0xf5a56 (size before relaxing)
 .debug_str     0x000f57a3      0x55b Drivers/STM32L4xx_HAL_Driver/Src/stm32l4xx_hal_rtc.o
                              0xf5835 (size before relaxing)
 .debug_str     0x000f5cfe      0x786 Drivers/STM32L4xx_HAL_Driver/Src/stm32l4xx_hal_rtc_ex.o
                              0xf5dce (size before relaxing)
 .debug_str     0x000f6484     0x108b Drivers/STM32L4xx_HAL_Driver/Src/stm32l4xx_hal_tim.o
                              0xf6431 (size before relaxing)
 .debug_str     0x000f750f      0x655 Drivers/STM32L4xx_HAL_Driver/Src/stm32l4xx_hal_tim_ex.o
                              0xf5e63 (size before relaxing)
 .debug_str     0x000f7b64      0x4a9 Drivers/STM32L4xx_HAL_Driver/Src/stm32l4xx_ll_exti.o
                              0xf573b (size before relaxing)
 .debug_str     0x000f800d      0x68e Drivers/STM32L4xx_HAL_Driver/Src/stm32l4xx_ll_gpio.o
                              0xf5a7e (size before relaxing)
 .debug_str     0x000f869b      0xea8 Drivers/STM32L4xx_HAL_Driver/Src/stm32l4xx_ll_utils.o
                              0xf6385 (size before relaxing)
 .debug_str     0x000f9543     0x5d94 Middlewares/Third_Party/FreeRTOS/Source/CMSIS_RTOS/cmsis_os.o
                              0xfb082 (size before relaxing)
 .debug_str     0x000ff2d7      0x234 Middlewares/Third_Party/FreeRTOS/Source/list.o
                              0xf83ff (size before relaxing)
 .debug_str     0x000ff50b     0x10b7 Middlewares/Third_Party/FreeRTOS/Source/tasks.o
                              0xfa480 (size before relaxing)
 .debug_str     0x001005c2      0x77c Middlewares/Third_Party/FreeRTOS/Source/portable/GCC/ARM_CM4F/port.o
                              0xf9032 (size before relaxing)
 .debug_str     0x00100d3e      0x243 Middlewares/Third_Party/FreeRTOS/Source/portable/MemMang/heap_4.o
                              0xf8b2d (size before relaxing)
 .debug_str     0x00100f81      0x281 Src/main.o
                              0xfbaea (size before relaxing)
 .debug_str     0x00101202     0x2031 Src/rtc.o
                              0xf7463 (size before relaxing)
 .debug_str     0x00103233       0x1b Src/stm32l4xx_hal_msp.o
                              0xf5b23 (size before relaxing)
 .debug_str     0x0010324e       0x61 Src/stm32l4xx_hal_timebase_TIM.o
                              0xf5de8 (size before relaxing)
 .debug_str     0x001032af       0x51 Src/stm32l4xx_it.o
                              0xfa89a (size before relaxing)
 .debug_str     0x00103300       0x50 Src/system_stm32l4xx.o
                              0xf5424 (size before relaxing)
 .debug_str     0x00103350      0x28a Src/taskI2CManage.o
                              0xf8cea (size before relaxing)
 .debug_str     0x001035da      0x18a Src/taskTimeManage.o
                              0xfa965 (size before relaxing)
 .debug_str     0x00103764       0x2f startup/startup_stm32l476xx.o
                                 0x65 (size before relaxing)

.comment        0x00000000       0x7f
 .comment       0x00000000       0x7f Drivers/STM32L4xx_HAL_Driver/Src/stm32l4xx_hal.o
                                 0x80 (size before relaxing)
 .comment       0x0000007f       0x80 Drivers/STM32L4xx_HAL_Driver/Src/stm32l4xx_hal_cortex.o
 .comment       0x0000007f       0x80 Drivers/STM32L4xx_HAL_Driver/Src/stm32l4xx_hal_rcc.o
 .comment       0x0000007f       0x80 Drivers/STM32L4xx_HAL_Driver/Src/stm32l4xx_hal_rtc.o
 .comment       0x0000007f       0x80 Drivers/STM32L4xx_HAL_Driver/Src/stm32l4xx_hal_rtc_ex.o
 .comment       0x0000007f       0x80 Drivers/STM32L4xx_HAL_Driver/Src/stm32l4xx_hal_tim.o
 .comment       0x0000007f       0x80 Drivers/STM32L4xx_HAL_Driver/Src/stm32l4xx_hal_tim_ex.o
 .comment       0x0000007f       0x80 Drivers/STM32L4xx_HAL_Driver/Src/stm32l4xx_ll_exti.o
 .comment       0x0000007f       0x80 Drivers/STM32L4xx_HAL_Driver/Src/stm32l4xx_ll_gpio.o
 .comment       0x0000007f       0x80 Drivers/STM32L4xx_HAL_Driver/Src/stm32l4xx_ll_utils.o
 .comment       0x0000007f       0x80 Middlewares/Third_Party/FreeRTOS/Source/CMSIS_RTOS/cmsis_os.o
 .comment       0x0000007f       0x80 Middlewares/Third_Party/FreeRTOS/Source/list.o
 .comment       0x0000007f       0x80 Middlewares/Third_Party/FreeRTOS/Source/tasks.o
 .comment       0x0000007f       0x80 Middlewares/Third_Party/FreeRTOS/Source/portable/GCC/ARM_CM4F/port.o
 .comment       0x0000007f       0x80 Middlewares/Third_Party/FreeRTOS/Source/portable/MemMang/heap_4.o
 .comment       0x0000007f       0x80 Src/main.o
 .comment       0x0000007f       0x80 Src/rtc.o
 .comment       0x0000007f       0x80 Src/stm32l4xx_hal_msp.o
 .comment       0x0000007f       0x80 Src/stm32l4xx_hal_timebase_TIM.o
 .comment       0x0000007f       0x80 Src/stm32l4xx_it.o
 .comment       0x0000007f       0x80 Src/system_stm32l4xx.o
 .comment       0x0000007f       0x80 Src/taskI2CManage.o
 .comment       0x0000007f       0x80 Src/taskTimeManage.o

.debug_frame    0x00000000     0x2980
 .debug_frame   0x00000000      0x23c Drivers/STM32L4xx_HAL_Driver/Src/stm32l4xx_hal.o
 .debug_frame   0x0000023c      0x13c Drivers/STM32L4xx_HAL_Driver/Src/stm32l4xx_hal_cortex.o
 .debug_frame   0x00000378      0x154 Drivers/STM32L4xx_HAL_Driver/Src/stm32l4xx_hal_rcc.o
 .debug_frame   0x000004cc      0x204 Drivers/STM32L4xx_HAL_Driver/Src/stm32l4xx_hal_rtc.o
 .debug_frame   0x000006d0      0x370 Drivers/STM32L4xx_HAL_Driver/Src/stm32l4xx_hal_rtc_ex.o
 .debug_frame   0x00000a40      0xa10 Drivers/STM32L4xx_HAL_Driver/Src/stm32l4xx_hal_tim.o
 .debug_frame   0x00001450      0x3e0 Drivers/STM32L4xx_HAL_Driver/Src/stm32l4xx_hal_tim_ex.o
 .debug_frame   0x00001830       0x54 Drivers/STM32L4xx_HAL_Driver/Src/stm32l4xx_ll_exti.o
 .debug_frame   0x00001884       0x58 Drivers/STM32L4xx_HAL_Driver/Src/stm32l4xx_ll_gpio.o
 .debug_frame   0x000018dc       0xf4 Drivers/STM32L4xx_HAL_Driver/Src/stm32l4xx_ll_utils.o
 .debug_frame   0x000019d0      0x584 Middlewares/Third_Party/FreeRTOS/Source/CMSIS_RTOS/cmsis_os.o
 .debug_frame   0x00001f54       0x6c Middlewares/Third_Party/FreeRTOS/Source/list.o
 .debug_frame   0x00001fc0      0x4e8 Middlewares/Third_Party/FreeRTOS/Source/tasks.o
 .debug_frame   0x000024a8       0xf0 Middlewares/Third_Party/FreeRTOS/Source/portable/GCC/ARM_CM4F/port.o
 .debug_frame   0x00002598       0xac Middlewares/Third_Party/FreeRTOS/Source/portable/MemMang/heap_4.o
 .debug_frame   0x00002644       0xc8 Src/main.o
 .debug_frame   0x0000270c       0x20 Src/rtc.o
 .debug_frame   0x0000272c       0x4c Src/stm32l4xx_hal_msp.o
 .debug_frame   0x00002778       0x50 Src/stm32l4xx_hal_timebase_TIM.o
 .debug_frame   0x000027c8       0x40 Src/stm32l4xx_it.o
 .debug_frame   0x00002808       0x30 Src/system_stm32l4xx.o
 .debug_frame   0x00002838       0xb0 Src/taskI2CManage.o
 .debug_frame   0x000028e8       0x6c Src/taskTimeManage.o
 .debug_frame   0x00002954       0x2c c:/ac6/systemworkbench/plugins/fr.ac6.mcu.externaltools.arm-none.win32_1.17.0.201812190825/tools/compiler/bin/../lib/gcc/arm-none-eabi/7.3.1/../../../../arm-none-eabi/lib/thumb/v7e-m/fpv4-sp/hard\libc_nano.a(lib_a-init.o)
